Archive member included to satisfy reference by file (symbol)

[subproject/sh_1106]/libsh_1106.a(sh_1106.c.o)
                              CMakeFiles/pwm_geber.dir/pwm_geber.c.o (sh1106_clear_screen)
[subproject/drehgeber]/libdrehgeber.a(drehgeber.c.o)
                              CMakeFiles/pwm_geber.dir/pwm_geber.c.o (drehgeber_get)
[subproject/momefilo_flash]/libmomefilo_flash.a(momefilo_flash.c.o)
                              CMakeFiles/pwm_geber.dir/pwm_geber.c.o (flash_init)
/usr/lib/gcc/arm-none-eabi/12.2.1/thumb/v6-m/nofp/libgcc.a(_dvmd_tls.o)
                              CMakeFiles/pwm_geber.dir/home/momefilo/pico/pico-sdk/src/rp2_common/pico_divider/divider_hardware.S.o (__aeabi_idiv0)
/usr/lib/gcc/arm-none-eabi/12.2.1/../../../arm-none-eabi/lib/thumb/v6-m/nofp/libg.a(lib_a-atexit.o)
                              /usr/lib/gcc/arm-none-eabi/12.2.1/../../../arm-none-eabi/lib/thumb/v6-m/nofp/crt0.o (atexit)
/usr/lib/gcc/arm-none-eabi/12.2.1/../../../arm-none-eabi/lib/thumb/v6-m/nofp/libg.a(lib_a-calloc.o)
                              CMakeFiles/pwm_geber.dir/home/momefilo/pico/pico-sdk/src/rp2_common/pico_malloc/malloc.c.o (calloc)
/usr/lib/gcc/arm-none-eabi/12.2.1/../../../arm-none-eabi/lib/thumb/v6-m/nofp/libg.a(lib_a-callocr.o)
                              /usr/lib/gcc/arm-none-eabi/12.2.1/../../../arm-none-eabi/lib/thumb/v6-m/nofp/libg.a(lib_a-calloc.o) (_calloc_r)
/usr/lib/gcc/arm-none-eabi/12.2.1/../../../arm-none-eabi/lib/thumb/v6-m/nofp/libg.a(lib_a-fini.o)
                              /usr/lib/gcc/arm-none-eabi/12.2.1/../../../arm-none-eabi/lib/thumb/v6-m/nofp/crt0.o (__libc_fini_array)
/usr/lib/gcc/arm-none-eabi/12.2.1/../../../arm-none-eabi/lib/thumb/v6-m/nofp/libg.a(lib_a-impure.o)
                              /usr/lib/gcc/arm-none-eabi/12.2.1/../../../arm-none-eabi/lib/thumb/v6-m/nofp/libg.a(lib_a-calloc.o) (_impure_ptr)
/usr/lib/gcc/arm-none-eabi/12.2.1/../../../arm-none-eabi/lib/thumb/v6-m/nofp/libg.a(lib_a-init.o)
                              /usr/lib/gcc/arm-none-eabi/12.2.1/../../../arm-none-eabi/lib/thumb/v6-m/nofp/crt0.o (__libc_init_array)
/usr/lib/gcc/arm-none-eabi/12.2.1/../../../arm-none-eabi/lib/thumb/v6-m/nofp/libg.a(lib_a-lcltime_r.o)
                              CMakeFiles/pwm_geber.dir/home/momefilo/pico/pico-sdk/src/common/pico_util/datetime.c.o (localtime_r)
/usr/lib/gcc/arm-none-eabi/12.2.1/../../../arm-none-eabi/lib/thumb/v6-m/nofp/libg.a(lib_a-malloc.o)
                              CMakeFiles/pwm_geber.dir/home/momefilo/pico/pico-sdk/src/rp2_common/pico_malloc/malloc.c.o (malloc)
/usr/lib/gcc/arm-none-eabi/12.2.1/../../../arm-none-eabi/lib/thumb/v6-m/nofp/libg.a(lib_a-mallocr.o)
                              /usr/lib/gcc/arm-none-eabi/12.2.1/../../../arm-none-eabi/lib/thumb/v6-m/nofp/libg.a(lib_a-callocr.o) (_malloc_r)
/usr/lib/gcc/arm-none-eabi/12.2.1/../../../arm-none-eabi/lib/thumb/v6-m/nofp/libg.a(lib_a-memcmp.o)
                              CMakeFiles/pwm_geber.dir/home/momefilo/pico/pico-sdk/src/rp2_common/pico_atomic/atomic.c.o (memcmp)
/usr/lib/gcc/arm-none-eabi/12.2.1/../../../arm-none-eabi/lib/thumb/v6-m/nofp/libg.a(lib_a-mktime.o)
                              CMakeFiles/pwm_geber.dir/home/momefilo/pico/pico-sdk/src/common/pico_util/datetime.c.o (mktime)
/usr/lib/gcc/arm-none-eabi/12.2.1/../../../arm-none-eabi/lib/thumb/v6-m/nofp/libg.a(lib_a-mlock.o)
                              /usr/lib/gcc/arm-none-eabi/12.2.1/../../../arm-none-eabi/lib/thumb/v6-m/nofp/libg.a(lib_a-mallocr.o) (__malloc_lock)
/usr/lib/gcc/arm-none-eabi/12.2.1/../../../arm-none-eabi/lib/thumb/v6-m/nofp/libg.a(lib_a-month_lengths.o)
                              /usr/lib/gcc/arm-none-eabi/12.2.1/../../../arm-none-eabi/lib/thumb/v6-m/nofp/libg.a(lib_a-lcltime_r.o) (__month_lengths)
/usr/lib/gcc/arm-none-eabi/12.2.1/../../../arm-none-eabi/lib/thumb/v6-m/nofp/libg.a(lib_a-realloc.o)
                              CMakeFiles/pwm_geber.dir/home/momefilo/pico/pico-sdk/src/rp2_common/pico_malloc/malloc.c.o (realloc)
/usr/lib/gcc/arm-none-eabi/12.2.1/../../../arm-none-eabi/lib/thumb/v6-m/nofp/libg.a(lib_a-reallocr.o)
                              /usr/lib/gcc/arm-none-eabi/12.2.1/../../../arm-none-eabi/lib/thumb/v6-m/nofp/libg.a(lib_a-realloc.o) (_realloc_r)
/usr/lib/gcc/arm-none-eabi/12.2.1/../../../arm-none-eabi/lib/thumb/v6-m/nofp/libg.a(lib_a-sbrkr.o)
                              /usr/lib/gcc/arm-none-eabi/12.2.1/../../../arm-none-eabi/lib/thumb/v6-m/nofp/libg.a(lib_a-mallocr.o) (_sbrk_r)
/usr/lib/gcc/arm-none-eabi/12.2.1/../../../arm-none-eabi/lib/thumb/v6-m/nofp/libg.a(lib_a-strlen-stub.o)
                              CMakeFiles/pwm_geber.dir/home/momefilo/pico/pico-sdk/src/rp2_common/pico_stdio/stdio.c.o (strlen)
/usr/lib/gcc/arm-none-eabi/12.2.1/../../../arm-none-eabi/lib/thumb/v6-m/nofp/libg.a(lib_a-tzcalc_limits.o)
                              /usr/lib/gcc/arm-none-eabi/12.2.1/../../../arm-none-eabi/lib/thumb/v6-m/nofp/libg.a(lib_a-lcltime_r.o) (__tzcalc_limits)
[...]
Memory Configuration

Name             Origin             Length             Attributes
FLASH            0x10000000         0x00200000         xr
RAM              0x20000000         0x00040000         xrw
SCRATCH_X        0x20040000         0x00001000         xrw
SCRATCH_Y        0x20041000         0x00001000         xrw
*default*        0x00000000         0xffffffff

Linker script and memory map

LOAD /usr/lib/gcc/arm-none-eabi/12.2.1/thumb/v6-m/nofp/crti.o
LOAD /usr/lib/gcc/arm-none-eabi/12.2.1/thumb/v6-m/nofp/crtbegin.o
LOAD /usr/lib/gcc/arm-none-eabi/12.2.1/../../../arm-none-eabi/lib/thumb/v6-m/nofp/crt0.o

.flash_begin    0x10000000        0x0
                0x10000000                        __flash_binary_start = .

.boot2          0x10000000      0x100
                0x10000000                        __boot2_start__ = .
 *(.boot2)
 .boot2         0x10000000      0x100 pico-sdk/src/rp2040/boot_stage2/CMakeFiles/bs2_default_library.dir/bs2_default_padded_checksummed.S.o
                0x10000100                        __boot2_end__ = .
                0x00000001                        ASSERT (((__boot2_end__ - __boot2_start__) == 0x100), ERROR: Pico second stage bootloader must be 256 bytes in size)

.text           0x10000100     0x4700
                0x10000100                        __logical_binary_start = .
 *(.vectors)
 .vectors       0x10000100       0xd4 CMakeFiles/pwm_geber.dir/home/momefilo/pico/pico-sdk/src/rp2_common/pico_crt0/crt0.S.o
                0x10000100                __vectors
                0x10000100                __VECTOR_TABLE
                0x100001c0                isr_invalid
                0x100001c0                __default_isrs_start
                0x100001c2                isr_nmi
                0x100001c4                isr_hardfault
                0x100001c6                isr_svcall
                0x100001c8                isr_pendsv
                0x100001ca                isr_systick
                0x100001cc                isr_irq30
                0x100001cc                __unhandled_user_irq
                0x100001cc                isr_irq13
                0x100001cc                isr_irq27
                0x100001cc                isr_irq31
                0x100001cc                isr_irq5
                0x100001cc                isr_irq11
                0x100001cc                isr_irq23
                0x100001cc                isr_irq18
                0x100001cc                isr_irq28
                0x100001cc                isr_irq19
                0x100001cc                isr_irq0
                0x100001cc                isr_irq6
                0x100001cc                isr_irq22
                0x100001cc                isr_irq17
                0x100001cc                isr_irq14
                0x100001cc                isr_irq2
                0x100001cc                isr_irq10
                0x100001cc                isr_irq8
                0x100001cc                isr_irq24
                0x100001cc                isr_irq1
                0x100001cc                isr_irq7
                0x100001cc                isr_irq21
                0x100001cc                isr_irq20
                0x100001cc                isr_irq15
                0x100001cc                isr_irq25
                0x100001cc                isr_irq4
                0x100001cc                isr_irq16
                0x100001cc                isr_irq29
                0x100001cc                isr_irq26
                0x100001cc                __default_isrs_end
                0x100001cc                isr_irq3
                0x100001cc                isr_irq12
                0x100001cc                isr_irq9
                0x100001d2                unhandled_user_irq_num_in_r0
 *(.binary_info_header)
 .binary_info_header
                0x100001d4       0x14 CMakeFiles/pwm_geber.dir/home/momefilo/pico/pico-sdk/src/rp2_common/pico_crt0/crt0.S.o
                0x100001e8                        __binary_info_header_end = .
 *(.embedded_block)
                0x100001e8                        __embedded_block_end = .
 *(.reset)
 .reset         0x100001e8       0x9c CMakeFiles/pwm_geber.dir/home/momefilo/pico/pico-sdk/src/rp2_common/pico_crt0/crt0.S.o
                0x100001e8                _entry_point
 *(.init)
 .init          0x10000284        0x4 /usr/lib/gcc/arm-none-eabi/12.2.1/thumb/v6-m/nofp/crti.o
                0x10000284                _init
 *(EXCLUDE_FILE(*libm.a: *libc.a:*lib_a-mem*.o *libgcc.a:) .text*)
 .text          0x10000288       0x98 /usr/lib/gcc/arm-none-eabi/12.2.1/thumb/v6-m/nofp/crtbegin.o
 .text.paint_menu
                0x10000320       0x40 CMakeFiles/pwm_geber.dir/pwm_geber.c.o
                0x10000320                paint_menu
 .text.set_pwmwert
                0x10000360       0xc8 CMakeFiles/pwm_geber.dir/pwm_geber.c.o
                0x10000360                set_pwmwert
 .text.init_pwm
                0x10000428      0x104 CMakeFiles/pwm_geber.dir/pwm_geber.c.o
                0x10000428                init_pwm
 .text.startup.main
                0x1000052c      0x214 CMakeFiles/pwm_geber.dir/pwm_geber.c.o
                0x1000052c                main
 .text.gpio_set_function
                0x10000740       0x34 CMakeFiles/pwm_geber.dir/home/momefilo/pico/pico-sdk/src/rp2_common/hardware_gpio/gpio.c.o
                0x10000740                gpio_set_function
 .text.gpio_set_pulls
                0x10000774       0x28 CMakeFiles/pwm_geber.dir/home/momefilo/pico/pico-sdk/src/rp2_common/hardware_gpio/gpio.c.o
                0x10000774                gpio_set_pulls
 .text.gpio_init
                0x1000079c       0x40 CMakeFiles/pwm_geber.dir/home/momefilo/pico/pico-sdk/src/rp2_common/hardware_gpio/gpio.c.o
                0x1000079c                gpio_init
 .text.panic    0x100007dc       0x30 CMakeFiles/pwm_geber.dir/home/momefilo/pico/pico-sdk/src/rp2_common/pico_platform_panic/panic.c.o
                0x100007dc                panic
 .text.hw_claim_or_assert
                0x1000080c       0x44 CMakeFiles/pwm_geber.dir/home/momefilo/pico/pico-sdk/src/common/hardware_claim/claim.c.o
                0x1000080c                hw_claim_or_assert
 .text.next_striped_spin_lock_num
                0x10000850       0x18 CMakeFiles/pwm_geber.dir/home/momefilo/pico/pico-sdk/src/rp2_common/hardware_sync/sync.c.o
                0x10000850                next_striped_spin_lock_num
 .text.spin_locks_reset
                0x10000868       0x1c CMakeFiles/pwm_geber.dir/home/momefilo/pico/pico-sdk/src/rp2_common/hardware_sync_spin_lock/sync_spin_lock.c.o
                0x10000868                spin_locks_reset
 .text.runtime_init_per_core_irq_priorities
                0x10000884       0x24 CMakeFiles/pwm_geber.dir/home/momefilo/pico/pico-sdk/src/rp2_common/hardware_irq/irq.c.o
                0x10000884                runtime_init_per_core_irq_priorities
 .text.irq_set_enabled
                0x100008a8       0x24 CMakeFiles/pwm_geber.dir/home/momefilo/pico/pico-sdk/src/rp2_common/hardware_irq/irq.c.o
                0x100008a8                irq_set_enabled
 .text.irq_set_exclusive_handler
                0x100008cc       0x54 CMakeFiles/pwm_geber.dir/home/momefilo/pico/pico-sdk/src/rp2_common/hardware_irq/irq.c.o
                0x100008cc                irq_set_exclusive_handler
 .text.lock_init
                0x10000920       0x10 CMakeFiles/pwm_geber.dir/home/momefilo/pico/pico-sdk/src/common/pico_sync/lock_core.c.o
                0x10000920                lock_init
 .text.runtime_init_mutex
                0x10000930       0x58 CMakeFiles/pwm_geber.dir/home/momefilo/pico/pico-sdk/src/common/pico_sync/mutex.c.o
                0x10000930                runtime_init_mutex
 .text.sleep_until_callback
                0x10000988       0x30 CMakeFiles/pwm_geber.dir/home/momefilo/pico/pico-sdk/src/common/pico_time/time.c.o
 .text.alarm_pool_irq_handler
                0x100009b8      0x308 CMakeFiles/pwm_geber.dir/home/momefilo/pico/pico-sdk/src/common/pico_time/time.c.o
 .text.runtime_init_default_alarm_pool
                0x10000cc0       0xdc CMakeFiles/pwm_geber.dir/home/momefilo/pico/pico-sdk/src/common/pico_time/time.c.o
                0x10000cc0                runtime_init_default_alarm_pool
 .text.alarm_pool_add_alarm_at_force_in_context
                0x10000d9c       0xb0 CMakeFiles/pwm_geber.dir/home/momefilo/pico/pico-sdk/src/common/pico_time/time.c.o
                0x10000d9c                alarm_pool_add_alarm_at_force_in_context
 .text.alarm_pool_cancel_alarm
                0x10000e4c       0x74 CMakeFiles/pwm_geber.dir/home/momefilo/pico/pico-sdk/src/common/pico_time/time.c.o
                0x10000e4c                alarm_pool_cancel_alarm
 .text.sleep_until
                0x10000ec0       0xd8 CMakeFiles/pwm_geber.dir/home/momefilo/pico/pico-sdk/src/common/pico_time/time.c.o
                0x10000ec0                sleep_until
 .text.sleep_ms
                0x10000f98       0x38 CMakeFiles/pwm_geber.dir/home/momefilo/pico/pico-sdk/src/common/pico_time/time.c.o
                0x10000f98                sleep_ms
 .text.best_effort_wfe_or_timeout
                0x10000fd0       0xe0 CMakeFiles/pwm_geber.dir/home/momefilo/pico/pico-sdk/src/common/pico_time/time.c.o
                0x10000fd0                best_effort_wfe_or_timeout
 .text.timer_hardware_alarm_claim
                0x100010b0       0x14 CMakeFiles/pwm_geber.dir/home/momefilo/pico/pico-sdk/src/rp2_common/hardware_timer/timer.c.o
                0x100010b0                timer_hardware_alarm_claim
 .text.timer_time_us_64
                0x100010c4       0x10 CMakeFiles/pwm_geber.dir/home/momefilo/pico/pico-sdk/src/rp2_common/hardware_timer/timer.c.o
                0x100010c4                timer_time_us_64
 .text.time_us_64
                0x100010d4       0x14 CMakeFiles/pwm_geber.dir/home/momefilo/pico/pico-sdk/src/rp2_common/hardware_timer/timer.c.o
                0x100010d4                time_us_64
 .text.busy_wait_until
                0x100010e8       0x20 CMakeFiles/pwm_geber.dir/home/momefilo/pico/pico-sdk/src/rp2_common/hardware_timer/timer.c.o
                0x100010e8                busy_wait_until
 .text.i2c_write_blocking_internal.constprop.0
                0x10001108       0xd0 CMakeFiles/pwm_geber.dir/home/momefilo/pico/pico-sdk/src/rp2_common/hardware_i2c/i2c.c.o
 .text.i2c_set_baudrate
                0x100011d8       0xc0 CMakeFiles/pwm_geber.dir/home/momefilo/pico/pico-sdk/src/rp2_common/hardware_i2c/i2c.c.o
                0x100011d8                i2c_set_baudrate
 .text.i2c_init
                0x10001298       0x54 CMakeFiles/pwm_geber.dir/home/momefilo/pico/pico-sdk/src/rp2_common/hardware_i2c/i2c.c.o
                0x10001298                i2c_init
 .text.i2c_write_blocking
                0x100012ec       0x14 CMakeFiles/pwm_geber.dir/home/momefilo/pico/pico-sdk/src/rp2_common/hardware_i2c/i2c.c.o
                0x100012ec                i2c_write_blocking
 .text.clock_configure_int_divider
                0x10001300       0xf4 CMakeFiles/pwm_geber.dir/home/momefilo/pico/pico-sdk/src/rp2_common/hardware_clocks/clocks.c.o
                0x10001300                clock_configure_int_divider
 .text.clock_configure_undivided
                0x100013f4       0xe8 CMakeFiles/pwm_geber.dir/home/momefilo/pico/pico-sdk/src/rp2_common/hardware_clocks/clocks.c.o
                0x100013f4                clock_configure_undivided
 .text.clock_get_hz
                0x100014dc        0xc CMakeFiles/pwm_geber.dir/home/momefilo/pico/pico-sdk/src/rp2_common/hardware_clocks/clocks.c.o
                0x100014dc                clock_get_hz
 .text.pll_init
                0x100014e8       0xa0 CMakeFiles/pwm_geber.dir/home/momefilo/pico/pico-sdk/src/rp2_common/hardware_pll/pll.c.o
                0x100014e8                pll_init
 .text.tick_start
                0x10001588       0x10 CMakeFiles/pwm_geber.dir/home/momefilo/pico/pico-sdk/src/rp2_common/hardware_ticks/ticks.c.o
                0x10001588                tick_start
 .text.rom_func_lookup
                0x10001598       0x10 CMakeFiles/pwm_geber.dir/home/momefilo/pico/pico-sdk/src/rp2_common/pico_bootrom/bootrom.c.o
                0x10001598                rom_func_lookup
 .text.rom_data_lookup
                0x100015a8       0x10 CMakeFiles/pwm_geber.dir/home/momefilo/pico/pico-sdk/src/rp2_common/pico_bootrom/bootrom.c.o
                0x100015a8                rom_data_lookup
 .text.rom_funcs_lookup
                0x100015b8       0x44 CMakeFiles/pwm_geber.dir/home/momefilo/pico/pico-sdk/src/rp2_common/pico_bootrom/bootrom.c.o
                0x100015b8                rom_funcs_lookup
 .text.xosc_init
                0x100015fc       0x28 CMakeFiles/pwm_geber.dir/home/momefilo/pico/pico-sdk/src/rp2_common/hardware_xosc/xosc.c.o
                0x100015fc                xosc_init
 .text.first_per_core_initializer
                0x10001624        0x4 CMakeFiles/pwm_geber.dir/home/momefilo/pico/pico-sdk/src/rp2_common/pico_runtime/runtime.c.o
 .text.hard_assertion_failure
                0x10001628        0xc CMakeFiles/pwm_geber.dir/home/momefilo/pico/pico-sdk/src/rp2_common/pico_runtime/runtime.c.o
                0x10001628                hard_assertion_failure
 .text.runtime_run_initializers
                0x10001634       0x28 CMakeFiles/pwm_geber.dir/home/momefilo/pico/pico-sdk/src/rp2_common/pico_runtime/runtime.c.o
                0x10001634                runtime_run_initializers
 .text.runtime_init_early_resets
                0x1000165c       0x2c CMakeFiles/pwm_geber.dir/home/momefilo/pico/pico-sdk/src/rp2_common/pico_runtime_init/runtime_init.c.o
                0x1000165c                runtime_init_early_resets
 .text.runtime_init_usb_power_down
                0x10001688       0x1c CMakeFiles/pwm_geber.dir/home/momefilo/pico/pico-sdk/src/rp2_common/pico_runtime_init/runtime_init.c.o
                0x10001688                runtime_init_usb_power_down
 .text.runtime_init_post_clock_resets
                0x100016a4       0x20 CMakeFiles/pwm_geber.dir/home/momefilo/pico/pico-sdk/src/rp2_common/pico_runtime_init/runtime_init.c.o
                0x100016a4                runtime_init_post_clock_resets
 .text.runtime_init_rp2040_gpio_ie_disable
                0x100016c4       0x14 CMakeFiles/pwm_geber.dir/home/momefilo/pico/pico-sdk/src/rp2_common/pico_runtime_init/runtime_init.c.o
                0x100016c4                runtime_init_rp2040_gpio_ie_disable
 .text.runtime_init_spin_locks_reset
                0x100016d8        0x8 CMakeFiles/pwm_geber.dir/home/momefilo/pico/pico-sdk/src/rp2_common/pico_runtime_init/runtime_init.c.o
                0x100016d8                runtime_init_spin_locks_reset
 .text.runtime_init_install_ram_vector_table
                0x100016e0       0x1c CMakeFiles/pwm_geber.dir/home/momefilo/pico/pico-sdk/src/rp2_common/pico_runtime_init/runtime_init.c.o
                0x100016e0                runtime_init_install_ram_vector_table
 .text.runtime_init_clocks
                0x100016fc       0xd8 CMakeFiles/pwm_geber.dir/home/momefilo/pico/pico-sdk/src/rp2_common/pico_runtime_init/runtime_init_clocks.c.o
                0x100016fc                runtime_init_clocks
 .text          0x100017d4       0x10 CMakeFiles/pwm_geber.dir/home/momefilo/pico/pico-sdk/src/rp2_common/pico_bit_ops/bit_ops_aeabi.S.o
 .text.__wrap___aeabi_idiv
                0x100017e4       0x50 CMakeFiles/pwm_geber.dir/home/momefilo/pico/pico-sdk/src/rp2_common/pico_divider/divider_hardware.S.o
                0x100017e4                __wrap___aeabi_idivmod
                0x100017e4                divmod_s32s32
                0x100017e4                div_s32s32
                0x100017e4                __wrap___aeabi_idiv
                0x100017ec                divmod_s32s32_unsafe
                0x10001818                divmod_s32s32_savestate
 .text.__wrap___aeabi_uidiv
                0x10001834       0x4c CMakeFiles/pwm_geber.dir/home/momefilo/pico/pico-sdk/src/rp2_common/pico_divider/divider_hardware.S.o
                0x10001834                __wrap___aeabi_uidiv
                0x10001834                __wrap___aeabi_uidivmod
                0x10001834                div_u32u32
                0x10001834                divmod_u32u32
                0x1000183c                divmod_u32u32_unsafe
                0x10001864                divmod_u32u32_savestate
 .text.__wrap___aeabi_ldiv
                0x10001880      0x424 CMakeFiles/pwm_geber.dir/home/momefilo/pico/pico-sdk/src/rp2_common/pico_divider/divider_hardware.S.o
                0x10001880                div_s64s64
                0x10001880                divmod_s64s64
                0x10001880                __wrap___aeabi_ldivmod
                0x100018b0                div_u64u64
                0x100018b0                divmod_u64u64
                0x100018b0                __wrap___aeabi_uldivmod
                0x100018c0                divmod_u64u64_savestate
                0x100018e0                divmod_s64s64_unsafe
                0x10001968                divmod_u64u64_unsafe
 .text.__wrap___aeabi_darithmetic
                0x10001ca4       0x80 CMakeFiles/pwm_geber.dir/home/momefilo/pico/pico-sdk/src/rp2_common/pico_double/double_aeabi_rp2040.S.o
                0x10001ca4                __wrap___aeabi_drsub
                0x10001caa                __wrap___aeabi_dsub
                0x10001cbc                __wrap___aeabi_dadd
                0x10001cce                __wrap___aeabi_ddiv
                0x10001d0a                __wrap___aeabi_dmul
 .text.__wrap___aeabi_cdcmple
                0x10001d24       0x6c CMakeFiles/pwm_geber.dir/home/momefilo/pico/pico-sdk/src/rp2_common/pico_double/double_aeabi_rp2040.S.o
                0x10001d24                __wrap___aeabi_cdrcmple
                0x10001d34                __wrap___aeabi_cdcmple
                0x10001d34                __wrap___aeabi_cdcmpeq
 .text.__wrap___aeabi_dcmplt
                0x10001d90        0xc CMakeFiles/pwm_geber.dir/home/momefilo/pico/pico-sdk/src/rp2_common/pico_double/double_aeabi_rp2040.S.o
                0x10001d90                __wrap___aeabi_dcmplt
 .text.__wrap___aeabi_dcmpge
                0x10001d9c       0x10 CMakeFiles/pwm_geber.dir/home/momefilo/pico/pico-sdk/src/rp2_common/pico_double/double_aeabi_rp2040.S.o
                0x10001d9c                __wrap___aeabi_dcmpge
 .text.__wrap___aeabi_dcmpgt
                0x10001dac        0xa CMakeFiles/pwm_geber.dir/home/momefilo/pico/pico-sdk/src/rp2_common/pico_double/double_aeabi_rp2040.S.o
                0x10001dac                __wrap___aeabi_dcmpgt
 .text.__wrap___aeabi_dcmpun
                0x10001db6       0x18 CMakeFiles/pwm_geber.dir/home/momefilo/pico/pico-sdk/src/rp2_common/pico_double/double_aeabi_rp2040.S.o
                0x10001db6                __wrap___aeabi_dcmpun
 *fill*         0x10001dce        0x2 
 .text.__wrap___aeabi_i2d
                0x10001dd0       0x38 CMakeFiles/pwm_geber.dir/home/momefilo/pico/pico-sdk/src/rp2_common/pico_double/double_aeabi_rp2040.S.o
                0x10001dd0                __wrap___aeabi_ui2d
                0x10001dd8                __wrap___aeabi_i2d
 .text.__wrap___aeabi_d2iz
                0x10001e08       0x48 CMakeFiles/pwm_geber.dir/home/momefilo/pico/pico-sdk/src/rp2_common/pico_double/double_aeabi_rp2040.S.o
                0x10001e08                __wrap___aeabi_d2iz
                0x10001e08                double2int_z
 .text.__wrap___aeabi_d2uiz
                0x10001e50       0x18 CMakeFiles/pwm_geber.dir/home/momefilo/pico/pico-sdk/src/rp2_common/pico_double/double_aeabi_rp2040.S.o
                0x10001e50                double2uint
                0x10001e50                __wrap___aeabi_d2uiz
 .text.__aeabi_double_init
                0x10001e68       0xa4 CMakeFiles/pwm_geber.dir/home/momefilo/pico/pico-sdk/src/rp2_common/pico_double/double_init_rom_rp2040.c.o
                0x10001e68                __aeabi_double_init
 .text.double_table_shim_on_use_helper
                0x10001f0c       0x2c CMakeFiles/pwm_geber.dir/home/momefilo/pico/pico-sdk/src/rp2_common/pico_double/double_v1_rom_shim_rp2040.S.o
                0x10001f0c                double_table_shim_on_use_helper
 .text.__wrap___aeabi_dsub
                0x10001f38       0x10 CMakeFiles/pwm_geber.dir/home/momefilo/pico/pico-sdk/src/rp2_common/pico_double/double_v1_rom_shim_rp2040.S.o
                0x10001f38                drsub_shim
                0x10001f3e                dsub_shim
 .text.dadd_shim
                0x10001f48      0x15c CMakeFiles/pwm_geber.dir/home/momefilo/pico/pico-sdk/src/rp2_common/pico_double/double_v1_rom_shim_rp2040.S.o
                0x10001f48                dadd_shim
 .text.dmul_shim
                0x100020a4      0x15c CMakeFiles/pwm_geber.dir/home/momefilo/pico/pico-sdk/src/rp2_common/pico_double/double_v1_rom_shim_rp2040.S.o
                0x100020a4                dmul_shim
 .text.ddiv_shim
                0x10002200      0x1b0 CMakeFiles/pwm_geber.dir/home/momefilo/pico/pico-sdk/src/rp2_common/pico_double/double_v1_rom_shim_rp2040.S.o
                0x10002200                ddiv_shim
 .text.double2uint_shim
                0x100023b0        0xe CMakeFiles/pwm_geber.dir/home/momefilo/pico/pico-sdk/src/rp2_common/pico_double/double_v1_rom_shim_rp2040.S.o
                0x100023b0                double2uint_shim
                0x100023b2                double2ufix_shim
 *fill*         0x100023be        0x2 
 .text.double2uint64_shim
                0x100023c0       0x70 CMakeFiles/pwm_geber.dir/home/momefilo/pico/pico-sdk/src/rp2_common/pico_double/double_v1_rom_shim_rp2040.S.o
                0x100023c0                double2uint64_shim
                0x100023c2                double2ufix64_shim
                0x100023e2                d2fix_a
 .text.dunpacks
                0x10002430       0x3c CMakeFiles/pwm_geber.dir/home/momefilo/pico/pico-sdk/src/rp2_common/pico_double/double_v1_rom_shim_rp2040.S.o
                0x10002430                dunpacks
 .text.__aeabi_lmul
                0x1000246c       0x32 CMakeFiles/pwm_geber.dir/home/momefilo/pico/pico-sdk/src/rp2_common/pico_int64_ops/pico_int64_ops_aeabi.S.o
                0x1000246c                __wrap___aeabi_lmul
 *fill*         0x1000249e        0x2 
 .text.__wrap___aeabi_farithmetic
                0x100024a0       0x48 CMakeFiles/pwm_geber.dir/home/momefilo/pico/pico-sdk/src/rp2_common/pico_float/float_aeabi_rp2040.S.o
                0x100024a0                __wrap___aeabi_frsub
                0x100024a6                __wrap___aeabi_fsub
                0x100024ac                __wrap___aeabi_fadd
                0x100024b2                __wrap___aeabi_fdiv
                0x100024da                __wrap___aeabi_fmul
 .text.__wrap___aeabi_ui2f
                0x100024e8        0xa CMakeFiles/pwm_geber.dir/home/momefilo/pico/pico-sdk/src/rp2_common/pico_float/float_aeabi_rp2040.S.o
                0x100024e8                uint2float
                0x100024e8                __wrap___aeabi_ui2f
 *fill*         0x100024f2        0x2 
 .text.__wrap___aeabi_i2f
                0x100024f4       0x44 CMakeFiles/pwm_geber.dir/home/momefilo/pico/pico-sdk/src/rp2_common/pico_float/float_aeabi_rp2040.S.o
                0x100024f4                int2float
                0x100024f4                __wrap___aeabi_i2f
 .text.__wrap___aeabi_f2uiz
                0x10002538        0xc CMakeFiles/pwm_geber.dir/home/momefilo/pico/pico-sdk/src/rp2_common/pico_float/float_aeabi_rp2040.S.o
                0x10002538                float2uint_z
                0x10002538                __wrap___aeabi_f2uiz
 .text.__aeabi_float_init
                0x10002544       0x64 CMakeFiles/pwm_geber.dir/home/momefilo/pico/pico-sdk/src/rp2_common/pico_float/float_init_rom_rp2040.c.o
                0x10002544                __aeabi_float_init
 .text.float_table_shim_on_use_helper
                0x100025a8       0x2c CMakeFiles/pwm_geber.dir/home/momefilo/pico/pico-sdk/src/rp2_common/pico_float/float_v1_rom_shim_rp2040.S.o
                0x100025a8                float_table_shim_on_use_helper
 .text          0x100025d4       0x10 CMakeFiles/pwm_geber.dir/home/momefilo/pico/pico-sdk/src/rp2_common/pico_mem_ops/mem_ops_aeabi.S.o
                0x100025d4                __aeabi_mem_init
 .text.memset   0x100025e4        0xc CMakeFiles/pwm_geber.dir/home/momefilo/pico/pico-sdk/src/rp2_common/pico_mem_ops/mem_ops_aeabi.S.o
                0x100025e4                __wrap_memset
 .text.memcpy   0x100025f0        0xc CMakeFiles/pwm_geber.dir/home/momefilo/pico/pico-sdk/src/rp2_common/pico_mem_ops/mem_ops_aeabi.S.o
                0x100025f0                __wrap___aeabi_memcpy
                0x100025f0                __wrap_memcpy
 .text._out_buffer
                0x100025fc        0x8 CMakeFiles/pwm_geber.dir/home/momefilo/pico/pico-sdk/src/rp2_common/pico_printf/printf.c.o
 .text._out_null
                0x10002604        0x4 CMakeFiles/pwm_geber.dir/home/momefilo/pico/pico-sdk/src/rp2_common/pico_printf/printf.c.o
 .text._out_rev
                0x10002608       0x90 CMakeFiles/pwm_geber.dir/home/momefilo/pico/pico-sdk/src/rp2_common/pico_printf/printf.c.o
 .text._ntoa_format
                0x10002698      0x1f4 CMakeFiles/pwm_geber.dir/home/momefilo/pico/pico-sdk/src/rp2_common/pico_printf/printf.c.o
 .text._out_char
                0x1000288c       0x10 CMakeFiles/pwm_geber.dir/home/momefilo/pico/pico-sdk/src/rp2_common/pico_printf/printf.c.o
 .text._etoa    0x1000289c      0x454 CMakeFiles/pwm_geber.dir/home/momefilo/pico/pico-sdk/src/rp2_common/pico_printf/printf.c.o
 .text._ftoa    0x10002cf0      0x3c4 CMakeFiles/pwm_geber.dir/home/momefilo/pico/pico-sdk/src/rp2_common/pico_printf/printf.c.o
 .text._vsnprintf
                0x100030b4      0xb24 CMakeFiles/pwm_geber.dir/home/momefilo/pico/pico-sdk/src/rp2_common/pico_printf/printf.c.o
 .text.__wrap_sprintf
                0x10003bd8       0x2c CMakeFiles/pwm_geber.dir/home/momefilo/pico/pico-sdk/src/rp2_common/pico_printf/printf.c.o
                0x10003bd8                __wrap_sprintf
 .text.weak_raw_vprintf
                0x10003c04       0x30 CMakeFiles/pwm_geber.dir/home/momefilo/pico/pico-sdk/src/rp2_common/pico_printf/printf.c.o
                0x10003c04                weak_raw_vprintf
 .text._exit    0x10003c34        0x4 CMakeFiles/pwm_geber.dir/home/momefilo/pico/pico-sdk/src/rp2_common/pico_clib_interface/newlib_interface.c.o
                0x10003c34                _exit
 .text.exit     0x10003c38        0x8 CMakeFiles/pwm_geber.dir/home/momefilo/pico/pico-sdk/src/rp2_common/pico_clib_interface/newlib_interface.c.o
                0x10003c38                exit
 .text.runtime_init
                0x10003c40       0x2c CMakeFiles/pwm_geber.dir/home/momefilo/pico/pico-sdk/src/rp2_common/pico_clib_interface/newlib_interface.c.o
                0x10003c40                runtime_init
 .text.stdio_out_chars_no_crlf
                0x10003c6c       0x10 CMakeFiles/pwm_geber.dir/home/momefilo/pico/pico-sdk/src/rp2_common/pico_stdio/stdio.c.o
 .text.stdio_out_chars_crlf
                0x10003c7c       0xbc CMakeFiles/pwm_geber.dir/home/momefilo/pico/pico-sdk/src/rp2_common/pico_stdio/stdio.c.o
 .text.stdio_put_string
                0x10003d38      0x100 CMakeFiles/pwm_geber.dir/home/momefilo/pico/pico-sdk/src/rp2_common/pico_stdio/stdio.c.o
                0x10003d38                stdio_put_string
 .text.__wrap_putchar
                0x10003e38       0x98 CMakeFiles/pwm_geber.dir/home/momefilo/pico/pico-sdk/src/rp2_common/pico_stdio/stdio.c.o
                0x10003e38                stdio_putchar
                0x10003e38                __wrap_putchar
 .text.__wrap_puts
                0x10003ed0       0x3c CMakeFiles/pwm_geber.dir/home/momefilo/pico/pico-sdk/src/rp2_common/pico_stdio/stdio.c.o
                0x10003ed0                __wrap_puts
                0x10003ed0                stdio_puts
 .text.sh1106_clear_screen
                0x10003f0c       0xa4 [subproject/sh_1106]/libsh_1106.a(sh_1106.c.o)
                0x10003f0c                sh1106_clear_screen
 .text.sh1106_text12x16
                0x10003fb0      0x1d0 [subproject/sh_1106]/libsh_1106.a(sh_1106.c.o)
                0x10003fb0                sh1106_text12x16
 .text.sh1106_init
                0x10004180      0x138 [subproject/sh_1106]/libsh_1106.a(sh_1106.c.o)
                0x10004180                sh1106_init
 .text.drehgeber_get
                0x100042b8      0x14c [subproject/drehgeber]/libdrehgeber.a(drehgeber.c.o)
                0x100042b8                drehgeber_get
 .text.flash_init
                0x10004404      0x248 [subproject/momefilo_flash]/libmomefilo_flash.a(momefilo_flash.c.o)
                0x10004404                flash_init
 .text.write_Flash
                0x1000464c       0x80 [subproject/momefilo_flash]/libmomefilo_flash.a(momefilo_flash.c.o)
                0x1000464c                write_Flash
 .text.flash_getData
                0x100046cc        0x8 [subproject/momefilo_flash]/libmomefilo_flash.a(momefilo_flash.c.o)
                0x100046cc                flash_getData
 .text.flash_setDataRow
                0x100046d4       0x28 [subproject/momefilo_flash]/libmomefilo_flash.a(momefilo_flash.c.o)
                0x100046d4                flash_setDataRow
 .text          0x100046fc       0x5c /usr/lib/gcc/arm-none-eabi/12.2.1/../../../arm-none-eabi/lib/thumb/v6-m/nofp/libg.a(lib_a-strlen-stub.o)
                0x100046fc                strlen
 *(.fini)
 .fini          0x10004758        0x4 /usr/lib/gcc/arm-none-eabi/12.2.1/thumb/v6-m/nofp/crti.o
                0x10004758                _fini
 *fill*         0x1000475c        0x4 
 .fini.__stub   0x10004760       0x60 linker stubs
 *crtbegin.o(.ctors)
 *crtbegin?.o(.ctors)
 *(EXCLUDE_FILE(*crtend.o *crtend?.o) .ctors)
 *(SORT_BY_NAME(.ctors.*))
 *(.ctors)
 *crtbegin.o(.dtors)
 *crtbegin?.o(.dtors)
 *(EXCLUDE_FILE(*crtend.o *crtend?.o) .dtors)
 *(SORT_BY_NAME(.dtors.*))
 *(.dtors)
                0x100047c0                        . = ALIGN (0x4)
                0x100047c0                        PROVIDE (__preinit_array_start = .)
 *(SORT_BY_NAME(.preinit_array.*))
 .preinit_array.00100
                0x100047c0        0x4 CMakeFiles/pwm_geber.dir/home/momefilo/pico/pico-sdk/src/rp2_common/pico_runtime_init/runtime_init.c.o
                0x100047c0                __pre_init_runtime_init_early_resets
 .preinit_array.00101
                0x100047c4        0x4 CMakeFiles/pwm_geber.dir/home/momefilo/pico/pico-sdk/src/rp2_common/pico_runtime_init/runtime_init.c.o
                0x100047c4                __pre_init_runtime_init_usb_power_down
 .preinit_array.00275
                0x100047c8        0x4 CMakeFiles/pwm_geber.dir/home/momefilo/pico/pico-sdk/src/rp2_common/pico_bit_ops/bit_ops_aeabi.S.o
 .preinit_array.00300
                0x100047cc        0x4 CMakeFiles/pwm_geber.dir/home/momefilo/pico/pico-sdk/src/rp2_common/pico_mem_ops/mem_ops_aeabi.S.o
 .preinit_array.00350
                0x100047d0        0x4 CMakeFiles/pwm_geber.dir/home/momefilo/pico/pico-sdk/src/rp2_common/pico_double/double_aeabi_rp2040.S.o
 .preinit_array.00350
                0x100047d4        0x4 CMakeFiles/pwm_geber.dir/home/momefilo/pico/pico-sdk/src/rp2_common/pico_float/float_aeabi_rp2040.S.o
 .preinit_array.00500
                0x100047d8        0x4 CMakeFiles/pwm_geber.dir/home/momefilo/pico/pico-sdk/src/rp2_common/pico_runtime_init/runtime_init.c.o
                0x100047d8                __pre_init_runtime_init_clocks
 .preinit_array.00600
                0x100047dc        0x4 CMakeFiles/pwm_geber.dir/home/momefilo/pico/pico-sdk/src/rp2_common/pico_runtime_init/runtime_init.c.o
                0x100047dc                __pre_init_runtime_init_post_clock_resets
 .preinit_array.00700
                0x100047e0        0x4 CMakeFiles/pwm_geber.dir/home/momefilo/pico/pico-sdk/src/rp2_common/pico_runtime_init/runtime_init.c.o
                0x100047e0                __pre_init_runtime_init_rp2040_gpio_ie_disable
 .preinit_array.01000
                0x100047e4        0x4 CMakeFiles/pwm_geber.dir/home/momefilo/pico/pico-sdk/src/rp2_common/pico_runtime_init/runtime_init.c.o
                0x100047e4                __pre_init_runtime_init_spin_locks_reset
 .preinit_array.01100
                0x100047e8        0x4 CMakeFiles/pwm_geber.dir/home/momefilo/pico/pico-sdk/src/common/pico_sync/mutex.c.o
                0x100047e8                __pre_init_runtime_init_mutex
 .preinit_array.10080
                0x100047ec        0x4 CMakeFiles/pwm_geber.dir/home/momefilo/pico/pico-sdk/src/rp2_common/pico_runtime_init/runtime_init.c.o
                0x100047ec                __pre_init_runtime_init_install_ram_vector_table
 .preinit_array.11000
                0x100047f0        0x4 CMakeFiles/pwm_geber.dir/home/momefilo/pico/pico-sdk/src/common/pico_time/time.c.o
                0x100047f0                __pre_init_runtime_init_default_alarm_pool
 .preinit_array.YYYYY
                0x100047f4        0x4 CMakeFiles/pwm_geber.dir/home/momefilo/pico/pico-sdk/src/rp2_common/pico_runtime/runtime.c.o
                0x100047f4                __pre_init_first_per_core_initializer
 .preinit_array.ZZZZZ.01200
                0x100047f8        0x4 CMakeFiles/pwm_geber.dir/home/momefilo/pico/pico-sdk/src/rp2_common/hardware_irq/irq.c.o
                0x100047f8                __pre_init_runtime_init_per_core_irq_priorities
 *(.preinit_array)
                0x100047fc                        PROVIDE (__preinit_array_end = .)
                0x100047fc                        . = ALIGN (0x4)
                0x100047fc                        PROVIDE (__init_array_start = .)
 *(SORT_BY_NAME(.init_array.*))
 *(.init_array)
 .init_array    0x100047fc        0x4 /usr/lib/gcc/arm-none-eabi/12.2.1/thumb/v6-m/nofp/crtbegin.o
                0x10004800                        PROVIDE (__init_array_end = .)
                0x10004800                        . = ALIGN (0x4)
                0x10004800                        PROVIDE (__fini_array_start = .)
 *(SORT_BY_NAME(.fini_array.*))
 *(.fini_array)
                0x10004800                        PROVIDE (__fini_array_end = .)
 *(.eh_frame*)
 .eh_frame      0x10004800        0x0 /usr/lib/gcc/arm-none-eabi/12.2.1/thumb/v6-m/nofp/crtbegin.o
                0x10004800                        . = ALIGN (0x4)

.glue_7         0x10004800        0x0
 .glue_7        0x10004800        0x0 linker stubs

.glue_7t        0x10004800        0x0
 .glue_7t       0x10004800        0x0 linker stubs

.vfp11_veneer   0x10004800        0x0
 .vfp11_veneer  0x10004800        0x0 linker stubs

.v4_bx          0x10004800        0x0
 .v4_bx         0x10004800        0x0 linker stubs

.iplt           0x10004800        0x0
 .iplt          0x10004800        0x0 /usr/lib/gcc/arm-none-eabi/12.2.1/thumb/v6-m/nofp/crtbegin.o

.rodata         0x10004800      0x304
 *(EXCLUDE_FILE(*libm.a: *libc.a:*lib_a-mem*.o *libgcc.a:) .rodata*)
 .rodata.paint_menu.str1.4
                0x10004800        0xd CMakeFiles/pwm_geber.dir/pwm_geber.c.o
 *fill*         0x1000480d        0x3 
 .rodata.mark_pwm.str1.4
                0x10004810        0x7 CMakeFiles/pwm_geber.dir/pwm_geber.c.o
 *fill*         0x10004817        0x1 
 .rodata.select_pwm.str1.4
                0x10004818        0x7 CMakeFiles/pwm_geber.dir/pwm_geber.c.o
 *fill*         0x1000481f        0x1 
 .rodata.panic.str1.4
                0x10004820       0x12 CMakeFiles/pwm_geber.dir/home/momefilo/pico/pico-sdk/src/rp2_common/pico_platform_panic/panic.c.o
 *fill*         0x10004832        0x2 
 .rodata.timer_hardware_alarm_claim.str1.4
                0x10004834       0x22 CMakeFiles/pwm_geber.dir/home/momefilo/pico/pico-sdk/src/rp2_common/hardware_timer/timer.c.o
 *fill*         0x10004856        0x2 
 .rodata.hard_assertion_failure.str1.4
                0x10004858        0xc CMakeFiles/pwm_geber.dir/home/momefilo/pico/pico-sdk/src/rp2_common/pico_runtime/runtime.c.o
 .rodata.str1.4
                0x10004864       0x40 CMakeFiles/pwm_geber.dir/home/momefilo/pico/pico-sdk/src/rp2_common/pico_standard_binary_info/standard_binary_info.c.o
 .rodata.__bi_84
                0x100048a4        0xc CMakeFiles/pwm_geber.dir/home/momefilo/pico/pico-sdk/src/rp2_common/pico_standard_binary_info/standard_binary_info.c.o
 .rodata.__bi_78
                0x100048b0        0xc CMakeFiles/pwm_geber.dir/home/momefilo/pico/pico-sdk/src/rp2_common/pico_standard_binary_info/standard_binary_info.c.o
 .rodata.__bi_54
                0x100048bc        0xc CMakeFiles/pwm_geber.dir/home/momefilo/pico/pico-sdk/src/rp2_common/pico_standard_binary_info/standard_binary_info.c.o
 .rodata.__bi_48
                0x100048c8        0xc CMakeFiles/pwm_geber.dir/home/momefilo/pico/pico-sdk/src/rp2_common/pico_standard_binary_info/standard_binary_info.c.o
 .rodata.__bi_42
                0x100048d4        0xc CMakeFiles/pwm_geber.dir/home/momefilo/pico/pico-sdk/src/rp2_common/pico_standard_binary_info/standard_binary_info.c.o
 .rodata.__bi_34
                0x100048e0        0xc CMakeFiles/pwm_geber.dir/home/momefilo/pico/pico-sdk/src/rp2_common/pico_standard_binary_info/standard_binary_info.c.o
 .rodata.__bi_26
                0x100048ec        0xc CMakeFiles/pwm_geber.dir/home/momefilo/pico/pico-sdk/src/rp2_common/pico_standard_binary_info/standard_binary_info.c.o
 .rodata._ftoa.str1.4
                0x100048f8       0x15 CMakeFiles/pwm_geber.dir/home/momefilo/pico/pico-sdk/src/rp2_common/pico_printf/printf.c.o
 *fill*         0x1000490d        0x3 
 .rodata._vsnprintf
                0x10004910      0x19c CMakeFiles/pwm_geber.dir/home/momefilo/pico/pico-sdk/src/rp2_common/pico_printf/printf.c.o
 *fill*         0x10004aac        0x4 
 .rodata.pow10.0
                0x10004ab0       0x50 CMakeFiles/pwm_geber.dir/home/momefilo/pico/pico-sdk/src/rp2_common/pico_printf/printf.c.o
 .rodata.crlf_str.0
                0x10004b00        0x2 CMakeFiles/pwm_geber.dir/home/momefilo/pico/pico-sdk/src/rp2_common/pico_stdio/stdio.c.o
                0x10004b04                        . = ALIGN (0x4)
 *fill*         0x10004b02        0x2 
 *(SORT_BY_ALIGNMENT(SORT_BY_NAME(.flashdata*)))
                0x10004b04                        . = ALIGN (0x4)

.ARM.extab
 *(.ARM.extab* .gnu.linkonce.armextab.*)
                0x10004b04                        __exidx_start = .

.ARM.exidx
 *(.ARM.exidx* .gnu.linkonce.armexidx.*)
                0x10004b04                        __exidx_end = .
                0x10004b04                        . = ALIGN (0x4)
                0x10004b04                        __binary_info_start = .

.binary_info    0x10004b04       0x1c
 *(.binary_info.keep.*)
 .binary_info.keep.__bi_ptr84
                0x10004b04        0x4 CMakeFiles/pwm_geber.dir/home/momefilo/pico/pico-sdk/src/rp2_common/pico_standard_binary_info/standard_binary_info.c.o
 .binary_info.keep.__bi_ptr78
                0x10004b08        0x4 CMakeFiles/pwm_geber.dir/home/momefilo/pico/pico-sdk/src/rp2_common/pico_standard_binary_info/standard_binary_info.c.o
 .binary_info.keep.__bi_ptr54
                0x10004b0c        0x4 CMakeFiles/pwm_geber.dir/home/momefilo/pico/pico-sdk/src/rp2_common/pico_standard_binary_info/standard_binary_info.c.o
 .binary_info.keep.__bi_ptr48
                0x10004b10        0x4 CMakeFiles/pwm_geber.dir/home/momefilo/pico/pico-sdk/src/rp2_common/pico_standard_binary_info/standard_binary_info.c.o
 .binary_info.keep.__bi_ptr42
                0x10004b14        0x4 CMakeFiles/pwm_geber.dir/home/momefilo/pico/pico-sdk/src/rp2_common/pico_standard_binary_info/standard_binary_info.c.o
 .binary_info.keep.__bi_ptr34
                0x10004b18        0x4 CMakeFiles/pwm_geber.dir/home/momefilo/pico/pico-sdk/src/rp2_common/pico_standard_binary_info/standard_binary_info.c.o
 .binary_info.keep.__bi_ptr26
                0x10004b1c        0x4 CMakeFiles/pwm_geber.dir/home/momefilo/pico/pico-sdk/src/rp2_common/pico_standard_binary_info/standard_binary_info.c.o
 *(.binary_info.*)
                0x10004b20                        __binary_info_end = .

.rel.dyn        0x10004b20        0x0
 .rel.iplt      0x10004b20        0x0 /usr/lib/gcc/arm-none-eabi/12.2.1/thumb/v6-m/nofp/crtbegin.o
                0x10004b20                        . = ALIGN (0x4)

.ram_vector_table
                0x20000000       0xc0
 *(.ram_vector_table)
 .ram_vector_table
                0x20000000       0xc0 CMakeFiles/pwm_geber.dir/home/momefilo/pico/pico-sdk/src/rp2_common/pico_runtime_init/runtime_init.c.o
                0x20000000                ram_vector_table

.uninitialized_data
                0x200000c0        0x0
                0x200000c0                        . = ALIGN (0x4)
 *(.uninitialized_data*)

.data           0x200000c0     0x3224 load address 0x10004b20
                0x200000c0                        __data_start__ = .
 *(vtable)
 *(.time_critical*)
 .time_critical.mutex_try_enter_block_until
                0x200000c0       0x9c CMakeFiles/pwm_geber.dir/home/momefilo/pico/pico-sdk/src/common/pico_sync/mutex.c.o
                0x200000c0                mutex_try_enter_block_until
 .time_critical.mutex_exit
                0x2000015c       0x28 CMakeFiles/pwm_geber.dir/home/momefilo/pico/pico-sdk/src/common/pico_sync/mutex.c.o
                0x2000015c                mutex_exit
 .time_critical.flash_init_boot2_copyout
                0x20000184       0x30 CMakeFiles/pwm_geber.dir/home/momefilo/pico/pico-sdk/src/rp2_common/hardware_flash/flash.c.o
 .time_critical.flash_enable_xip_via_boot2
                0x200001b4        0xc CMakeFiles/pwm_geber.dir/home/momefilo/pico/pico-sdk/src/rp2_common/hardware_flash/flash.c.o
 .time_critical.flash_range_erase
                0x200001c0       0x80 CMakeFiles/pwm_geber.dir/home/momefilo/pico/pico-sdk/src/rp2_common/hardware_flash/flash.c.o
                0x200001c0                flash_range_erase
 .time_critical.flash_range_program
                0x20000240       0x80 CMakeFiles/pwm_geber.dir/home/momefilo/pico/pico-sdk/src/rp2_common/hardware_flash/flash.c.o
                0x20000240                flash_range_program
 *(.text*)
 .text          0x200002c0        0x4 /usr/lib/gcc/arm-none-eabi/12.2.1/thumb/v6-m/nofp/libgcc.a(_dvmd_tls.o)
                0x200002c0                __aeabi_ldiv0
                0x200002c0                __aeabi_idiv0
 *fill*         0x200002c4        0x4 
 .text.__stub   0x200002c8       0x20 linker stubs
                0x200002e8                        . = ALIGN (0x4)
 *(.rodata*)
                0x200002e8                        . = ALIGN (0x4)
 *(.data*)
 .data.Auswahl  0x200002e8        0x1 CMakeFiles/pwm_geber.dir/pwm_geber.c.o
                0x200002e8                Auswahl
 .data.striped_spin_lock_num
                0x200002e9        0x1 CMakeFiles/pwm_geber.dir/home/momefilo/pico/pico-sdk/src/rp2_common/hardware_sync/sync.c.o
 *fill*         0x200002ea        0x2 
 .data.default_alarm_pool
                0x200002ec       0x18 CMakeFiles/pwm_geber.dir/home/momefilo/pico/pico-sdk/src/common/pico_time/time.c.o
 .data.i2c0_inst
                0x20000304        0x8 CMakeFiles/pwm_geber.dir/home/momefilo/pico/pico-sdk/src/rp2_common/hardware_i2c/i2c.c.o
                0x20000304                i2c0_inst
 *fill*         0x2000030c        0x4 
 .data.aeabi_bits_funcs
                0x20000310       0x10 CMakeFiles/pwm_geber.dir/home/momefilo/pico/pico-sdk/src/rp2_common/pico_bit_ops/bit_ops_aeabi.S.o
                0x20000310                aeabi_bits_funcs
                0x20000320                aeabi_bits_funcs_end
 .data.aeabi_mem_funcs
                0x20000320       0x10 CMakeFiles/pwm_geber.dir/home/momefilo/pico/pico-sdk/src/rp2_common/pico_mem_ops/mem_ops_aeabi.S.o
                0x20000320                aeabi_mem_funcs
                0x20000330                aeabi_mem_funcs_end
 .data.FONT_12x16invert
                0x20000330     0x17d0 [subproject/sh_1106]/libsh_1106.a(sh_1106.c.o)
 .data.FONT_12x16
                0x20001b00     0x17d0 [subproject/sh_1106]/libsh_1106.a(sh_1106.c.o)
 .data.Tiks     0x200032d0        0x1 [subproject/drehgeber]/libdrehgeber.a(drehgeber.c.o)
                0x200032d0                Tiks
 *fill*         0x200032d1        0x1 
 .data.Wechseldauer
                0x200032d2        0x2 [subproject/drehgeber]/libdrehgeber.a(drehgeber.c.o)
                0x200032d2                Wechseldauer
 .data.CklPausendauer
                0x200032d4        0x2 [subproject/drehgeber]/libdrehgeber.a(drehgeber.c.o)
                0x200032d4                CklPausendauer
 .data.DtPausendauer
                0x200032d6        0x2 [subproject/drehgeber]/libdrehgeber.a(drehgeber.c.o)
                0x200032d6                DtPausendauer
 .data.CklPulsdauer
                0x200032d8        0x1 [subproject/drehgeber]/libdrehgeber.a(drehgeber.c.o)
                0x200032d8                CklPulsdauer
 .data.DtPulsdauer
                0x200032d9        0x1 [subproject/drehgeber]/libdrehgeber.a(drehgeber.c.o)
                0x200032d9                DtPulsdauer
 .data.SwPulsdauer
                0x200032da        0x1 [subproject/drehgeber]/libdrehgeber.a(drehgeber.c.o)
                0x200032da                SwPulsdauer
                0x200032dc                        . = ALIGN (0x4)
 *fill*         0x200032db        0x1 
 *(.after_data.*)
                0x200032dc                        . = ALIGN (0x4)
                0x200032dc                        PROVIDE (__mutex_array_start = .)
 *(SORT_BY_NAME(.mutex_array.*))
 *(.mutex_array)
 .mutex_array   0x200032dc        0x8 CMakeFiles/pwm_geber.dir/home/momefilo/pico/pico-sdk/src/rp2_common/pico_stdio/stdio.c.o
                0x200032e4                        PROVIDE (__mutex_array_end = .)
                0x200032e4                        . = ALIGN (0x4)
 *(.jcr)
                0x200032e4                        . = ALIGN (0x4)

.tm_clone_table
                0x200032e4        0x0 load address 0x10007d44
 .tm_clone_table
                0x200032e4        0x0 /usr/lib/gcc/arm-none-eabi/12.2.1/thumb/v6-m/nofp/crtbegin.o
 .tm_clone_table
                0x200032e4        0x0 /usr/lib/gcc/arm-none-eabi/12.2.1/thumb/v6-m/nofp/crtend.o

.igot.plt       0x200032e4        0x0 load address 0x10007d44
 .igot.plt      0x200032e4        0x0 /usr/lib/gcc/arm-none-eabi/12.2.1/thumb/v6-m/nofp/crtbegin.o

.tdata          0x200032e4        0x0 load address 0x10007d44
                0x200032e4                        . = ALIGN (0x4)
 *(.tdata .tdata.* .gnu.linkonce.td.*)
                0x200032e4                        __tdata_end = .
                0x200032e4                        PROVIDE (__data_end__ = .)
                0x10004b20                        __etext = LOADADDR (.data)

.tbss           0x200032e4        0x0 load address 0x10007d44
                0x200032e4                        . = ALIGN (0x4)
                0x200032e4                        __bss_start__ = .
                0x200032e4                        __tls_base = .
 *(.tbss .tbss.* .gnu.linkonce.tb.*)
 *(.tcommon)
                0x200032e4                        __tls_end = .

.bss            0x200032e8      0x608 load address 0x10007d44
                0x200032e8                        . = ALIGN (0x4)
                0x200032e8                        __tbss_end = .
 *(SORT_BY_ALIGNMENT(SORT_BY_NAME(.bss*)))
 .bss.default_alarm_pool_entries
                0x200032e8      0x180 CMakeFiles/pwm_geber.dir/home/momefilo/pico/pico-sdk/src/common/pico_time/time.c.o
 .bss.sd_table  0x20003468      0x100 CMakeFiles/pwm_geber.dir/home/momefilo/pico/pico-sdk/src/rp2_common/pico_double/double_init_rom_rp2040.c.o
                0x20003468                sd_table
 .bss.sf_table  0x20003568      0x100 CMakeFiles/pwm_geber.dir/home/momefilo/pico/pico-sdk/src/rp2_common/pico_float/float_init_rom_rp2040.c.o
                0x20003568                sf_table
 .bss           0x20003668       0x1c /usr/lib/gcc/arm-none-eabi/12.2.1/thumb/v6-m/nofp/crtbegin.o
 .bss.Data      0x20003684       0xfc [subproject/momefilo_flash]/libmomefilo_flash.a(momefilo_flash.c.o)
                0x20003684                Data
 .bss.Flash_Content
                0x20003780        0x4 [subproject/momefilo_flash]/libmomefilo_flash.a(momefilo_flash.c.o)
                0x20003780                Flash_Content
 .bss.Flash_Offset
                0x20003784        0x4 [subproject/momefilo_flash]/libmomefilo_flash.a(momefilo_flash.c.o)
                0x20003784                Flash_Offset
 .bss.Werte     0x20003788       0x10 CMakeFiles/pwm_geber.dir/pwm_geber.c.o
                0x20003788                Werte
 .bss.boot2_copyout
                0x20003798      0x100 CMakeFiles/pwm_geber.dir/home/momefilo/pico/pico-sdk/src/rp2_common/hardware_flash/flash.c.o
 .bss.claimed   0x20003898        0x1 CMakeFiles/pwm_geber.dir/home/momefilo/pico/pico-sdk/src/rp2_common/hardware_timer/timer.c.o
 *fill*         0x20003899        0x3 
 .bss.configured_freq
                0x2000389c       0x28 CMakeFiles/pwm_geber.dir/home/momefilo/pico/pico-sdk/src/rp2_common/hardware_clocks/clocks.c.o
 .bss.drivers   0x200038c4        0x4 CMakeFiles/pwm_geber.dir/home/momefilo/pico/pico-sdk/src/rp2_common/pico_stdio/stdio.c.o
 .bss.filter    0x200038c8        0x4 CMakeFiles/pwm_geber.dir/home/momefilo/pico/pico-sdk/src/rp2_common/pico_stdio/stdio.c.o
 .bss.lazy_vsnprintf
                0x200038cc        0x4 CMakeFiles/pwm_geber.dir/home/momefilo/pico/pico-sdk/src/rp2_common/pico_printf/printf.c.o
 .bss.pools     0x200038d0       0x10 CMakeFiles/pwm_geber.dir/home/momefilo/pico/pico-sdk/src/common/pico_time/time.c.o
 .bss.sf_clz_func
                0x200038e0        0x4 CMakeFiles/pwm_geber.dir/home/momefilo/pico/pico-sdk/src/rp2_common/pico_double/double_init_rom_rp2040.c.o
                0x200038e0                sf_clz_func
 .bss.sleep_notifier
                0x200038e4        0x4 CMakeFiles/pwm_geber.dir/home/momefilo/pico/pico-sdk/src/common/pico_time/time.c.o
 .bss.CklDown   0x200038e8        0x1 [subproject/drehgeber]/libdrehgeber.a(drehgeber.c.o)
                0x200038e8                CklDown
 .bss.CklTiks   0x200038e9        0x1 [subproject/drehgeber]/libdrehgeber.a(drehgeber.c.o)
                0x200038e9                CklTiks
 .bss.DtDown    0x200038ea        0x1 [subproject/drehgeber]/libdrehgeber.a(drehgeber.c.o)
                0x200038ea                DtDown
 .bss.DtTiks    0x200038eb        0x1 [subproject/drehgeber]/libdrehgeber.a(drehgeber.c.o)
                0x200038eb                DtTiks
 .bss.Pagecount
                0x200038ec        0x1 [subproject/momefilo_flash]/libmomefilo_flash.a(momefilo_flash.c.o)
                0x200038ec                Pagecount
 .bss.SwDown    0x200038ed        0x1 [subproject/drehgeber]/libdrehgeber.a(drehgeber.c.o)
                0x200038ed                SwDown
 .bss.boot2_copyout_valid
                0x200038ee        0x1 CMakeFiles/pwm_geber.dir/home/momefilo/pico/pico-sdk/src/rp2_common/hardware_flash/flash.c.o
 .bss.if_selct  0x200038ef        0x1 CMakeFiles/pwm_geber.dir/pwm_geber.c.o
                0x200038ef                if_selct
 *(COMMON)
                0x200038f0                        . = ALIGN (0x4)
                0x200038f0                        __bss_end__ = .

.heap           0x200038f0      0x800 load address 0x10007d44
                0x200038f0                        __end__ = .
                0x200038f0                        end = __end__
 *(.heap*)
 .heap          0x200038f0      0x800 CMakeFiles/pwm_geber.dir/home/momefilo/pico/pico-sdk/src/rp2_common/pico_crt0/crt0.S.o
                0x20040000                        __HeapLimit = (ORIGIN (RAM) + LENGTH (RAM))

.scratch_x      0x20040000        0x0 load address 0x10007d44
                0x20040000                        __scratch_x_start__ = .
 *(.scratch_x.*)
                0x20040000                        . = ALIGN (0x4)
                0x20040000                        __scratch_x_end__ = .
                0x10007d44                        __scratch_x_source__ = LOADADDR (.scratch_x)

.scratch_y      0x20041000        0x0 load address 0x10007d44
                0x20041000                        __scratch_y_start__ = .
 *(.scratch_y.*)
                0x20041000                        . = ALIGN (0x4)
                0x20041000                        __scratch_y_end__ = .
                0x10007d44                        __scratch_y_source__ = LOADADDR (.scratch_y)

.stack1_dummy
 *(.stack1*)

.stack_dummy    0x20041000      0x800
 *(.stack*)
 .stack         0x20041000      0x800 CMakeFiles/pwm_geber.dir/home/momefilo/pico/pico-sdk/src/rp2_common/pico_crt0/crt0.S.o

.flash_end      0x10007d44        0x0
 *(.embedded_end_block*)
                0x10007d44                        PROVIDE (__flash_binary_end = .)
                0x20040000                        __StackLimit = (ORIGIN (RAM) + LENGTH (RAM))
                0x20041000                        __StackOneTop = (ORIGIN (SCRATCH_X) + LENGTH (SCRATCH_X))
                0x20042000                        __StackTop = (ORIGIN (SCRATCH_Y) + LENGTH (SCRATCH_Y))
                0x20041000                        __StackOneBottom = (__StackOneTop - SIZEOF (.stack1_dummy))
                0x20041800                        __StackBottom = (__StackTop - SIZEOF (.stack_dummy))
                0x20042000                        PROVIDE (__stack = __StackTop)
                [!provide]                        PROVIDE (__heap_start = __end__)
                [!provide]                        PROVIDE (__heap_end = __HeapLimit)
                [!provide]                        PROVIDE (__tls_align = MAX (ALIGNOF (.tdata), ALIGNOF (.tbss)))
                [!provide]                        PROVIDE (__tls_size_align = (((__tls_size + __tls_align) - 0x1) & ~ ((__tls_align - 0x1))))
                [!provide]                        PROVIDE (__arm32_tls_tcb_offset = MAX (0x8, __tls_align))
                [!provide]                        PROVIDE (_end = __end__)
                [!provide]                        PROVIDE (__llvm_libc_heap_limit = __HeapLimit)
                0x00000001                        ASSERT ((__StackLimit >= __HeapLimit), region RAM overflowed)
                0x00000001                        ASSERT (((__binary_info_header_end - __logical_binary_start) <= 0x100), Binary info must be in first 256 bytes of the binary)
LOAD CMakeFiles/pwm_geber.dir/pwm_geber.c.o
LOAD CMakeFiles/pwm_geber.dir/home/momefilo/pico/pico-sdk/src/rp2_common/hardware_gpio/gpio.c.o
LOAD CMakeFiles/pwm_geber.dir/home/momefilo/pico/pico-sdk/src/rp2040/pico_platform/platform.c.o
LOAD CMakeFiles/pwm_geber.dir/home/momefilo/pico/pico-sdk/src/rp2_common/pico_platform_panic/panic.c.o
LOAD CMakeFiles/pwm_geber.dir/home/momefilo/pico/pico-sdk/src/common/hardware_claim/claim.c.o
LOAD CMakeFiles/pwm_geber.dir/home/momefilo/pico/pico-sdk/src/rp2_common/hardware_sync/sync.c.o
LOAD CMakeFiles/pwm_geber.dir/home/momefilo/pico/pico-sdk/src/rp2_common/hardware_sync_spin_lock/sync_spin_lock.c.o
LOAD CMakeFiles/pwm_geber.dir/home/momefilo/pico/pico-sdk/src/rp2_common/hardware_irq/irq.c.o
LOAD CMakeFiles/pwm_geber.dir/home/momefilo/pico/pico-sdk/src/rp2_common/hardware_irq/irq_handler_chain.S.o
LOAD CMakeFiles/pwm_geber.dir/home/momefilo/pico/pico-sdk/src/common/pico_sync/sem.c.o
LOAD CMakeFiles/pwm_geber.dir/home/momefilo/pico/pico-sdk/src/common/pico_sync/lock_core.c.o
LOAD CMakeFiles/pwm_geber.dir/home/momefilo/pico/pico-sdk/src/common/pico_sync/mutex.c.o
LOAD CMakeFiles/pwm_geber.dir/home/momefilo/pico/pico-sdk/src/common/pico_sync/critical_section.c.o
LOAD CMakeFiles/pwm_geber.dir/home/momefilo/pico/pico-sdk/src/common/pico_time/time.c.o
LOAD CMakeFiles/pwm_geber.dir/home/momefilo/pico/pico-sdk/src/common/pico_time/timeout_helper.c.o
LOAD CMakeFiles/pwm_geber.dir/home/momefilo/pico/pico-sdk/src/rp2_common/hardware_timer/timer.c.o
LOAD CMakeFiles/pwm_geber.dir/home/momefilo/pico/pico-sdk/src/common/pico_util/datetime.c.o
LOAD CMakeFiles/pwm_geber.dir/home/momefilo/pico/pico-sdk/src/common/pico_util/pheap.c.o
LOAD CMakeFiles/pwm_geber.dir/home/momefilo/pico/pico-sdk/src/common/pico_util/queue.c.o
LOAD CMakeFiles/pwm_geber.dir/home/momefilo/pico/pico-sdk/src/rp2_common/hardware_i2c/i2c.c.o
LOAD CMakeFiles/pwm_geber.dir/home/momefilo/pico/pico-sdk/src/rp2_common/hardware_clocks/clocks.c.o
LOAD CMakeFiles/pwm_geber.dir/home/momefilo/pico/pico-sdk/src/rp2_common/hardware_pll/pll.c.o
LOAD CMakeFiles/pwm_geber.dir/home/momefilo/pico/pico-sdk/src/rp2_common/hardware_vreg/vreg.c.o
LOAD CMakeFiles/pwm_geber.dir/home/momefilo/pico/pico-sdk/src/rp2_common/hardware_watchdog/watchdog.c.o
LOAD CMakeFiles/pwm_geber.dir/home/momefilo/pico/pico-sdk/src/rp2_common/hardware_ticks/ticks.c.o
LOAD CMakeFiles/pwm_geber.dir/home/momefilo/pico/pico-sdk/src/rp2_common/pico_bootrom/bootrom.c.o
LOAD CMakeFiles/pwm_geber.dir/home/momefilo/pico/pico-sdk/src/rp2_common/pico_bootrom/bootrom_lock.c.o
LOAD CMakeFiles/pwm_geber.dir/home/momefilo/pico/pico-sdk/src/rp2_common/hardware_boot_lock/boot_lock.c.o
LOAD CMakeFiles/pwm_geber.dir/home/momefilo/pico/pico-sdk/src/rp2_common/pico_flash/flash.c.o
LOAD CMakeFiles/pwm_geber.dir/home/momefilo/pico/pico-sdk/src/rp2_common/hardware_xosc/xosc.c.o
LOAD CMakeFiles/pwm_geber.dir/home/momefilo/pico/pico-sdk/src/rp2_common/pico_stdlib/stdlib.c.o
LOAD CMakeFiles/pwm_geber.dir/home/momefilo/pico/pico-sdk/src/rp2_common/hardware_uart/uart.c.o
LOAD CMakeFiles/pwm_geber.dir/home/momefilo/pico/pico-sdk/src/rp2_common/hardware_divider/divider.S.o
LOAD CMakeFiles/pwm_geber.dir/home/momefilo/pico/pico-sdk/src/rp2_common/pico_runtime/runtime.c.o
LOAD CMakeFiles/pwm_geber.dir/home/momefilo/pico/pico-sdk/src/rp2_common/pico_runtime_init/runtime_init.c.o
LOAD CMakeFiles/pwm_geber.dir/home/momefilo/pico/pico-sdk/src/rp2_common/pico_runtime_init/runtime_init_clocks.c.o
LOAD CMakeFiles/pwm_geber.dir/home/momefilo/pico/pico-sdk/src/rp2_common/pico_runtime_init/runtime_init_stack_guard.c.o
LOAD CMakeFiles/pwm_geber.dir/home/momefilo/pico/pico-sdk/src/rp2_common/pico_bit_ops/bit_ops_aeabi.S.o
LOAD CMakeFiles/pwm_geber.dir/home/momefilo/pico/pico-sdk/src/rp2_common/pico_divider/divider_hardware.S.o
LOAD CMakeFiles/pwm_geber.dir/home/momefilo/pico/pico-sdk/src/rp2_common/pico_double/double_aeabi_rp2040.S.o
LOAD CMakeFiles/pwm_geber.dir/home/momefilo/pico/pico-sdk/src/rp2_common/pico_double/double_init_rom_rp2040.c.o
LOAD CMakeFiles/pwm_geber.dir/home/momefilo/pico/pico-sdk/src/rp2_common/pico_double/double_math.c.o
LOAD CMakeFiles/pwm_geber.dir/home/momefilo/pico/pico-sdk/src/rp2_common/pico_double/double_v1_rom_shim_rp2040.S.o
LOAD CMakeFiles/pwm_geber.dir/home/momefilo/pico/pico-sdk/src/rp2_common/pico_int64_ops/pico_int64_ops_aeabi.S.o
LOAD CMakeFiles/pwm_geber.dir/home/momefilo/pico/pico-sdk/src/rp2_common/pico_float/float_aeabi_rp2040.S.o
LOAD CMakeFiles/pwm_geber.dir/home/momefilo/pico/pico-sdk/src/rp2_common/pico_float/float_init_rom_rp2040.c.o
LOAD CMakeFiles/pwm_geber.dir/home/momefilo/pico/pico-sdk/src/rp2_common/pico_float/float_math.c.o
LOAD CMakeFiles/pwm_geber.dir/home/momefilo/pico/pico-sdk/src/rp2_common/pico_float/float_v1_rom_shim_rp2040.S.o
LOAD CMakeFiles/pwm_geber.dir/home/momefilo/pico/pico-sdk/src/rp2_common/pico_malloc/malloc.c.o
LOAD CMakeFiles/pwm_geber.dir/home/momefilo/pico/pico-sdk/src/rp2_common/pico_mem_ops/mem_ops_aeabi.S.o
LOAD CMakeFiles/pwm_geber.dir/home/momefilo/pico/pico-sdk/src/rp2_common/pico_atomic/atomic.c.o
LOAD CMakeFiles/pwm_geber.dir/home/momefilo/pico/pico-sdk/src/rp2_common/pico_cxx_options/new_delete.cpp.o
LOAD CMakeFiles/pwm_geber.dir/home/momefilo/pico/pico-sdk/src/rp2_common/pico_standard_binary_info/standard_binary_info.c.o
LOAD CMakeFiles/pwm_geber.dir/home/momefilo/pico/pico-sdk/src/rp2_common/pico_printf/printf.c.o
LOAD CMakeFiles/pwm_geber.dir/home/momefilo/pico/pico-sdk/src/rp2_common/pico_crt0/crt0.S.o
LOAD CMakeFiles/pwm_geber.dir/home/momefilo/pico/pico-sdk/src/rp2_common/pico_clib_interface/newlib_interface.c.o
LOAD CMakeFiles/pwm_geber.dir/home/momefilo/pico/pico-sdk/src/rp2_common/pico_stdio/stdio.c.o
LOAD CMakeFiles/pwm_geber.dir/home/momefilo/pico/pico-sdk/src/rp2_common/pico_stdio_uart/stdio_uart.c.o
LOAD CMakeFiles/pwm_geber.dir/home/momefilo/pico/pico-sdk/src/rp2_common/hardware_flash/flash.c.o
LOAD CMakeFiles/pwm_geber.dir/home/momefilo/pico/pico-sdk/src/rp2_common/hardware_xip_cache/xip_cache.c.o
LOAD pico-sdk/src/rp2040/boot_stage2/CMakeFiles/bs2_default_library.dir/bs2_default_padded_checksummed.S.o
LOAD [subproject/sh_1106]/libsh_1106.a
LOAD [subproject/drehgeber]/libdrehgeber.a
LOAD [subproject/momefilo_flash]/libmomefilo_flash.a
LOAD /usr/lib/gcc/arm-none-eabi/12.2.1/../../../arm-none-eabi/lib/thumb/v6-m/nofp/libstdc++.a
LOAD /usr/lib/gcc/arm-none-eabi/12.2.1/../../../arm-none-eabi/lib/thumb/v6-m/nofp/libm.a
START GROUP
LOAD /usr/lib/gcc/arm-none-eabi/12.2.1/thumb/v6-m/nofp/libgcc.a
LOAD /usr/lib/gcc/arm-none-eabi/12.2.1/../../../arm-none-eabi/lib/thumb/v6-m/nofp/libg.a
LOAD /usr/lib/gcc/arm-none-eabi/12.2.1/../../../arm-none-eabi/lib/thumb/v6-m/nofp/libc.a
END GROUP
START GROUP
LOAD /usr/lib/gcc/arm-none-eabi/12.2.1/thumb/v6-m/nofp/libgcc.a
LOAD /usr/lib/gcc/arm-none-eabi/12.2.1/../../../arm-none-eabi/lib/thumb/v6-m/nofp/libc.a
LOAD /usr/lib/gcc/arm-none-eabi/12.2.1/../../../arm-none-eabi/lib/thumb/v6-m/nofp/libnosys.a
END GROUP
LOAD /usr/lib/gcc/arm-none-eabi/12.2.1/thumb/v6-m/nofp/crtend.o
LOAD /usr/lib/gcc/arm-none-eabi/12.2.1/thumb/v6-m/nofp/crtn.o
OUTPUT(pwm_geber.elf elf32-littlearm)
LOAD linker stubs

.ARM.attributes
                0x00000000       0x28
 .ARM.attributes
                0x00000000       0x1e /usr/lib/gcc/arm-none-eabi/12.2.1/thumb/v6-m/nofp/crti.o
 .ARM.attributes
                0x0000001e       0x2c /usr/lib/gcc/arm-none-eabi/12.2.1/thumb/v6-m/nofp/crtbegin.o
 .ARM.attributes
                0x0000004a       0x2c CMakeFiles/pwm_geber.dir/pwm_geber.c.o
 .ARM.attributes
                0x00000076       0x2c CMakeFiles/pwm_geber.dir/home/momefilo/pico/pico-sdk/src/rp2_common/hardware_gpio/gpio.c.o
 .ARM.attributes
                0x000000a2       0x2c CMakeFiles/pwm_geber.dir/home/momefilo/pico/pico-sdk/src/rp2_common/pico_platform_panic/panic.c.o
 .ARM.attributes
                0x000000ce       0x2c CMakeFiles/pwm_geber.dir/home/momefilo/pico/pico-sdk/src/common/hardware_claim/claim.c.o
 .ARM.attributes
                0x000000fa       0x2c CMakeFiles/pwm_geber.dir/home/momefilo/pico/pico-sdk/src/rp2_common/hardware_sync/sync.c.o
 .ARM.attributes
                0x00000126       0x2c CMakeFiles/pwm_geber.dir/home/momefilo/pico/pico-sdk/src/rp2_common/hardware_sync_spin_lock/sync_spin_lock.c.o
 .ARM.attributes
                0x00000152       0x2c CMakeFiles/pwm_geber.dir/home/momefilo/pico/pico-sdk/src/rp2_common/hardware_irq/irq.c.o
 .ARM.attributes
                0x0000017e       0x2c CMakeFiles/pwm_geber.dir/home/momefilo/pico/pico-sdk/src/common/pico_sync/lock_core.c.o
 .ARM.attributes
                0x000001aa       0x2c CMakeFiles/pwm_geber.dir/home/momefilo/pico/pico-sdk/src/common/pico_sync/mutex.c.o
 .ARM.attributes
                0x000001d6       0x2c CMakeFiles/pwm_geber.dir/home/momefilo/pico/pico-sdk/src/common/pico_time/time.c.o
 .ARM.attributes
                0x00000202       0x2c CMakeFiles/pwm_geber.dir/home/momefilo/pico/pico-sdk/src/rp2_common/hardware_timer/timer.c.o
 .ARM.attributes
                0x0000022e       0x2c CMakeFiles/pwm_geber.dir/home/momefilo/pico/pico-sdk/src/rp2_common/hardware_i2c/i2c.c.o
 .ARM.attributes
                0x0000025a       0x2c CMakeFiles/pwm_geber.dir/home/momefilo/pico/pico-sdk/src/rp2_common/hardware_clocks/clocks.c.o
 .ARM.attributes
                0x00000286       0x2c CMakeFiles/pwm_geber.dir/home/momefilo/pico/pico-sdk/src/rp2_common/hardware_pll/pll.c.o
 .ARM.attributes
                0x000002b2       0x2c CMakeFiles/pwm_geber.dir/home/momefilo/pico/pico-sdk/src/rp2_common/hardware_ticks/ticks.c.o
 .ARM.attributes
                0x000002de       0x2c CMakeFiles/pwm_geber.dir/home/momefilo/pico/pico-sdk/src/rp2_common/pico_bootrom/bootrom.c.o
 .ARM.attributes
                0x0000030a       0x2c CMakeFiles/pwm_geber.dir/home/momefilo/pico/pico-sdk/src/rp2_common/hardware_xosc/xosc.c.o
 .ARM.attributes
                0x00000336       0x2c CMakeFiles/pwm_geber.dir/home/momefilo/pico/pico-sdk/src/rp2_common/pico_runtime/runtime.c.o
 .ARM.attributes
                0x00000362       0x2c CMakeFiles/pwm_geber.dir/home/momefilo/pico/pico-sdk/src/rp2_common/pico_runtime_init/runtime_init.c.o
 .ARM.attributes
                0x0000038e       0x2c CMakeFiles/pwm_geber.dir/home/momefilo/pico/pico-sdk/src/rp2_common/pico_runtime_init/runtime_init_clocks.c.o
 .ARM.attributes
                0x000003ba       0x22 CMakeFiles/pwm_geber.dir/home/momefilo/pico/pico-sdk/src/rp2_common/pico_bit_ops/bit_ops_aeabi.S.o
 .ARM.attributes
                0x000003dc       0x22 CMakeFiles/pwm_geber.dir/home/momefilo/pico/pico-sdk/src/rp2_common/pico_divider/divider_hardware.S.o
 .ARM.attributes
                0x000003fe       0x22 CMakeFiles/pwm_geber.dir/home/momefilo/pico/pico-sdk/src/rp2_common/pico_double/double_aeabi_rp2040.S.o
 .ARM.attributes
                0x00000420       0x2c CMakeFiles/pwm_geber.dir/home/momefilo/pico/pico-sdk/src/rp2_common/pico_double/double_init_rom_rp2040.c.o
 .ARM.attributes
                0x0000044c       0x22 CMakeFiles/pwm_geber.dir/home/momefilo/pico/pico-sdk/src/rp2_common/pico_double/double_v1_rom_shim_rp2040.S.o
 .ARM.attributes
                0x0000046e       0x22 CMakeFiles/pwm_geber.dir/home/momefilo/pico/pico-sdk/src/rp2_common/pico_int64_ops/pico_int64_ops_aeabi.S.o
 .ARM.attributes
                0x00000490       0x22 CMakeFiles/pwm_geber.dir/home/momefilo/pico/pico-sdk/src/rp2_common/pico_float/float_aeabi_rp2040.S.o
 .ARM.attributes
                0x000004b2       0x2c CMakeFiles/pwm_geber.dir/home/momefilo/pico/pico-sdk/src/rp2_common/pico_float/float_init_rom_rp2040.c.o
 .ARM.attributes
                0x000004de       0x22 CMakeFiles/pwm_geber.dir/home/momefilo/pico/pico-sdk/src/rp2_common/pico_float/float_v1_rom_shim_rp2040.S.o
 .ARM.attributes
                0x00000500       0x22 CMakeFiles/pwm_geber.dir/home/momefilo/pico/pico-sdk/src/rp2_common/pico_mem_ops/mem_ops_aeabi.S.o
 .ARM.attributes
                0x00000522       0x2c CMakeFiles/pwm_geber.dir/home/momefilo/pico/pico-sdk/src/rp2_common/pico_standard_binary_info/standard_binary_info.c.o
 .ARM.attributes
                0x0000054e       0x2c CMakeFiles/pwm_geber.dir/home/momefilo/pico/pico-sdk/src/rp2_common/pico_printf/printf.c.o
 .ARM.attributes
                0x0000057a       0x22 CMakeFiles/pwm_geber.dir/home/momefilo/pico/pico-sdk/src/rp2_common/pico_crt0/crt0.S.o
 .ARM.attributes
                0x0000059c       0x2c CMakeFiles/pwm_geber.dir/home/momefilo/pico/pico-sdk/src/rp2_common/pico_clib_interface/newlib_interface.c.o
 .ARM.attributes
                0x000005c8       0x2c CMakeFiles/pwm_geber.dir/home/momefilo/pico/pico-sdk/src/rp2_common/pico_stdio/stdio.c.o
 .ARM.attributes
                0x000005f4       0x2c CMakeFiles/pwm_geber.dir/home/momefilo/pico/pico-sdk/src/rp2_common/hardware_flash/flash.c.o
 .ARM.attributes
                0x00000620       0x22 pico-sdk/src/rp2040/boot_stage2/CMakeFiles/bs2_default_library.dir/bs2_default_padded_checksummed.S.o
 .ARM.attributes
                0x00000642       0x2c [subproject/sh_1106]/libsh_1106.a(sh_1106.c.o)
 .ARM.attributes
                0x0000066e       0x2c [subproject/drehgeber]/libdrehgeber.a(drehgeber.c.o)
 .ARM.attributes
                0x0000069a       0x2c [subproject/momefilo_flash]/libmomefilo_flash.a(momefilo_flash.c.o)
 .ARM.attributes
                0x000006c6       0x1e /usr/lib/gcc/arm-none-eabi/12.2.1/thumb/v6-m/nofp/libgcc.a(_dvmd_tls.o)
 .ARM.attributes
                0x000006e4       0x2c /usr/lib/gcc/arm-none-eabi/12.2.1/../../../arm-none-eabi/lib/thumb/v6-m/nofp/libg.a(lib_a-strlen-stub.o)
 .ARM.attributes
                0x00000710       0x2c /usr/lib/gcc/arm-none-eabi/12.2.1/thumb/v6-m/nofp/crtend.o

.comment        0x00000000       0x26
 .comment       0x00000000       0x26 /usr/lib/gcc/arm-none-eabi/12.2.1/thumb/v6-m/nofp/crtbegin.o
                                 0x27 (size before relaxing)
 .comment       0x00000026       0x27 CMakeFiles/pwm_geber.dir/pwm_geber.c.o
 .comment       0x00000026       0x27 CMakeFiles/pwm_geber.dir/home/momefilo/pico/pico-sdk/src/rp2_common/hardware_gpio/gpio.c.o
 .comment       0x00000026       0x27 CMakeFiles/pwm_geber.dir/home/momefilo/pico/pico-sdk/src/rp2_common/pico_platform_panic/panic.c.o
 .comment       0x00000026       0x27 CMakeFiles/pwm_geber.dir/home/momefilo/pico/pico-sdk/src/common/hardware_claim/claim.c.o
 .comment       0x00000026       0x27 CMakeFiles/pwm_geber.dir/home/momefilo/pico/pico-sdk/src/rp2_common/hardware_sync/sync.c.o
 .comment       0x00000026       0x27 CMakeFiles/pwm_geber.dir/home/momefilo/pico/pico-sdk/src/rp2_common/hardware_sync_spin_lock/sync_spin_lock.c.o
 .comment       0x00000026       0x27 CMakeFiles/pwm_geber.dir/home/momefilo/pico/pico-sdk/src/rp2_common/hardware_irq/irq.c.o
 .comment       0x00000026       0x27 CMakeFiles/pwm_geber.dir/home/momefilo/pico/pico-sdk/src/common/pico_sync/lock_core.c.o
 .comment       0x00000026       0x27 CMakeFiles/pwm_geber.dir/home/momefilo/pico/pico-sdk/src/common/pico_sync/mutex.c.o
 .comment       0x00000026       0x27 CMakeFiles/pwm_geber.dir/home/momefilo/pico/pico-sdk/src/common/pico_time/time.c.o
 .comment       0x00000026       0x27 CMakeFiles/pwm_geber.dir/home/momefilo/pico/pico-sdk/src/rp2_common/hardware_timer/timer.c.o
 .comment       0x00000026       0x27 CMakeFiles/pwm_geber.dir/home/momefilo/pico/pico-sdk/src/rp2_common/hardware_i2c/i2c.c.o
 .comment       0x00000026       0x27 CMakeFiles/pwm_geber.dir/home/momefilo/pico/pico-sdk/src/rp2_common/hardware_clocks/clocks.c.o
 .comment       0x00000026       0x27 CMakeFiles/pwm_geber.dir/home/momefilo/pico/pico-sdk/src/rp2_common/hardware_pll/pll.c.o
 .comment       0x00000026       0x27 CMakeFiles/pwm_geber.dir/home/momefilo/pico/pico-sdk/src/rp2_common/hardware_ticks/ticks.c.o
 .comment       0x00000026       0x27 CMakeFiles/pwm_geber.dir/home/momefilo/pico/pico-sdk/src/rp2_common/pico_bootrom/bootrom.c.o
 .comment       0x00000026       0x27 CMakeFiles/pwm_geber.dir/home/momefilo/pico/pico-sdk/src/rp2_common/hardware_xosc/xosc.c.o
 .comment       0x00000026       0x27 CMakeFiles/pwm_geber.dir/home/momefilo/pico/pico-sdk/src/rp2_common/pico_runtime/runtime.c.o
 .comment       0x00000026       0x27 CMakeFiles/pwm_geber.dir/home/momefilo/pico/pico-sdk/src/rp2_common/pico_runtime_init/runtime_init.c.o
 .comment       0x00000026       0x27 CMakeFiles/pwm_geber.dir/home/momefilo/pico/pico-sdk/src/rp2_common/pico_runtime_init/runtime_init_clocks.c.o
 .comment       0x00000026       0x27 CMakeFiles/pwm_geber.dir/home/momefilo/pico/pico-sdk/src/rp2_common/pico_double/double_init_rom_rp2040.c.o
 .comment       0x00000026       0x27 CMakeFiles/pwm_geber.dir/home/momefilo/pico/pico-sdk/src/rp2_common/pico_float/float_init_rom_rp2040.c.o
 .comment       0x00000026       0x27 CMakeFiles/pwm_geber.dir/home/momefilo/pico/pico-sdk/src/rp2_common/pico_standard_binary_info/standard_binary_info.c.o
 .comment       0x00000026       0x27 CMakeFiles/pwm_geber.dir/home/momefilo/pico/pico-sdk/src/rp2_common/pico_printf/printf.c.o
 .comment       0x00000026       0x27 CMakeFiles/pwm_geber.dir/home/momefilo/pico/pico-sdk/src/rp2_common/pico_clib_interface/newlib_interface.c.o
 .comment       0x00000026       0x27 CMakeFiles/pwm_geber.dir/home/momefilo/pico/pico-sdk/src/rp2_common/pico_stdio/stdio.c.o
 .comment       0x00000026       0x27 CMakeFiles/pwm_geber.dir/home/momefilo/pico/pico-sdk/src/rp2_common/hardware_flash/flash.c.o
 .comment       0x00000026       0x27 [subproject/sh_1106]/libsh_1106.a(sh_1106.c.o)
 .comment       0x00000026       0x27 [subproject/drehgeber]/libdrehgeber.a(drehgeber.c.o)
 .comment       0x00000026       0x27 [subproject/momefilo_flash]/libmomefilo_flash.a(momefilo_flash.c.o)
 .comment       0x00000026       0x27 /usr/lib/gcc/arm-none-eabi/12.2.1/../../../arm-none-eabi/lib/thumb/v6-m/nofp/libg.a(lib_a-strlen-stub.o)
 .comment       0x00000026       0x27 /usr/lib/gcc/arm-none-eabi/12.2.1/thumb/v6-m/nofp/crtend.o

.debug_info     0x00000000    0x2059f
 .debug_info    0x00000000     0x1c0a CMakeFiles/pwm_geber.dir/pwm_geber.c.o
 .debug_info    0x00001c0a     0x2427 CMakeFiles/pwm_geber.dir/home/momefilo/pico/pico-sdk/src/rp2_common/hardware_gpio/gpio.c.o
 .debug_info    0x00004031      0x1bf CMakeFiles/pwm_geber.dir/home/momefilo/pico/pico-sdk/src/rp2_common/pico_platform_panic/panic.c.o
 .debug_info    0x000041f0      0x977 CMakeFiles/pwm_geber.dir/home/momefilo/pico/pico-sdk/src/common/hardware_claim/claim.c.o
 .debug_info    0x00004b67      0x421 CMakeFiles/pwm_geber.dir/home/momefilo/pico/pico-sdk/src/rp2_common/hardware_sync/sync.c.o
 .debug_info    0x00004f88      0x239 CMakeFiles/pwm_geber.dir/home/momefilo/pico/pico-sdk/src/rp2_common/hardware_sync_spin_lock/sync_spin_lock.c.o
 .debug_info    0x000051c1     0x2141 CMakeFiles/pwm_geber.dir/home/momefilo/pico/pico-sdk/src/rp2_common/hardware_irq/irq.c.o
 .debug_info    0x00007302      0x153 CMakeFiles/pwm_geber.dir/home/momefilo/pico/pico-sdk/src/common/pico_sync/lock_core.c.o
 .debug_info    0x00007455     0x27bb CMakeFiles/pwm_geber.dir/home/momefilo/pico/pico-sdk/src/common/pico_sync/mutex.c.o
 .debug_info    0x00009c10     0x4805 CMakeFiles/pwm_geber.dir/home/momefilo/pico/pico-sdk/src/common/pico_time/time.c.o
 .debug_info    0x0000e415     0x2a97 CMakeFiles/pwm_geber.dir/home/momefilo/pico/pico-sdk/src/rp2_common/hardware_timer/timer.c.o
 .debug_info    0x00010eac     0x1c2d CMakeFiles/pwm_geber.dir/home/momefilo/pico/pico-sdk/src/rp2_common/hardware_i2c/i2c.c.o
 .debug_info    0x00012ad9     0x28d8 CMakeFiles/pwm_geber.dir/home/momefilo/pico/pico-sdk/src/rp2_common/hardware_clocks/clocks.c.o
 .debug_info    0x000153b1      0x4cd CMakeFiles/pwm_geber.dir/home/momefilo/pico/pico-sdk/src/rp2_common/hardware_pll/pll.c.o
 .debug_info    0x0001587e      0x230 CMakeFiles/pwm_geber.dir/home/momefilo/pico/pico-sdk/src/rp2_common/hardware_ticks/ticks.c.o
 .debug_info    0x00015aae      0x603 CMakeFiles/pwm_geber.dir/home/momefilo/pico/pico-sdk/src/rp2_common/pico_bootrom/bootrom.c.o
 .debug_info    0x000160b1      0x1b4 CMakeFiles/pwm_geber.dir/home/momefilo/pico/pico-sdk/src/rp2_common/hardware_xosc/xosc.c.o
 .debug_info    0x00016265      0x20e CMakeFiles/pwm_geber.dir/home/momefilo/pico/pico-sdk/src/rp2_common/pico_runtime/runtime.c.o
 .debug_info    0x00016473      0x77d CMakeFiles/pwm_geber.dir/home/momefilo/pico/pico-sdk/src/rp2_common/pico_runtime_init/runtime_init.c.o
 .debug_info    0x00016bf0      0x768 CMakeFiles/pwm_geber.dir/home/momefilo/pico/pico-sdk/src/rp2_common/pico_runtime_init/runtime_init_clocks.c.o
 .debug_info    0x00017358       0x23 CMakeFiles/pwm_geber.dir/home/momefilo/pico/pico-sdk/src/rp2_common/pico_bit_ops/bit_ops_aeabi.S.o
 .debug_info    0x0001737b       0x23 CMakeFiles/pwm_geber.dir/home/momefilo/pico/pico-sdk/src/rp2_common/pico_divider/divider_hardware.S.o
 .debug_info    0x0001739e       0x23 CMakeFiles/pwm_geber.dir/home/momefilo/pico/pico-sdk/src/rp2_common/pico_double/double_aeabi_rp2040.S.o
 .debug_info    0x000173c1      0x266 CMakeFiles/pwm_geber.dir/home/momefilo/pico/pico-sdk/src/rp2_common/pico_double/double_init_rom_rp2040.c.o
 .debug_info    0x00017627       0x23 CMakeFiles/pwm_geber.dir/home/momefilo/pico/pico-sdk/src/rp2_common/pico_double/double_v1_rom_shim_rp2040.S.o
 .debug_info    0x0001764a       0x24 CMakeFiles/pwm_geber.dir/home/momefilo/pico/pico-sdk/src/rp2_common/pico_int64_ops/pico_int64_ops_aeabi.S.o
 .debug_info    0x0001766e       0x23 CMakeFiles/pwm_geber.dir/home/momefilo/pico/pico-sdk/src/rp2_common/pico_float/float_aeabi_rp2040.S.o
 .debug_info    0x00017691      0x266 CMakeFiles/pwm_geber.dir/home/momefilo/pico/pico-sdk/src/rp2_common/pico_float/float_init_rom_rp2040.c.o
 .debug_info    0x000178f7       0x23 CMakeFiles/pwm_geber.dir/home/momefilo/pico/pico-sdk/src/rp2_common/pico_float/float_v1_rom_shim_rp2040.S.o
 .debug_info    0x0001791a       0x23 CMakeFiles/pwm_geber.dir/home/momefilo/pico/pico-sdk/src/rp2_common/pico_mem_ops/mem_ops_aeabi.S.o
 .debug_info    0x0001793d      0x288 CMakeFiles/pwm_geber.dir/home/momefilo/pico/pico-sdk/src/rp2_common/pico_standard_binary_info/standard_binary_info.c.o
 .debug_info    0x00017bc5     0x212e CMakeFiles/pwm_geber.dir/home/momefilo/pico/pico-sdk/src/rp2_common/pico_printf/printf.c.o
 .debug_info    0x00019cf3       0x23 CMakeFiles/pwm_geber.dir/home/momefilo/pico/pico-sdk/src/rp2_common/pico_crt0/crt0.S.o
 .debug_info    0x00019d16      0xb36 CMakeFiles/pwm_geber.dir/home/momefilo/pico/pico-sdk/src/rp2_common/pico_clib_interface/newlib_interface.c.o
 .debug_info    0x0001a84c     0x1ce5 CMakeFiles/pwm_geber.dir/home/momefilo/pico/pico-sdk/src/rp2_common/pico_stdio/stdio.c.o
 .debug_info    0x0001c531     0x12b9 CMakeFiles/pwm_geber.dir/home/momefilo/pico/pico-sdk/src/rp2_common/hardware_flash/flash.c.o
 .debug_info    0x0001d7ea     0x1cb5 [subproject/sh_1106]/libsh_1106.a(sh_1106.c.o)
 .debug_info    0x0001f49f      0x905 [subproject/drehgeber]/libdrehgeber.a(drehgeber.c.o)
 .debug_info    0x0001fda4      0x6d7 [subproject/momefilo_flash]/libmomefilo_flash.a(momefilo_flash.c.o)
 .debug_info    0x0002047b       0x39 /usr/lib/gcc/arm-none-eabi/12.2.1/thumb/v6-m/nofp/libgcc.a(_dvmd_tls.o)
 .debug_info    0x000204b4       0xeb /usr/lib/gcc/arm-none-eabi/12.2.1/../../../arm-none-eabi/lib/thumb/v6-m/nofp/libg.a(lib_a-strlen-stub.o)

.debug_abbrev   0x00000000     0x5c87
 .debug_abbrev  0x00000000      0x3c5 CMakeFiles/pwm_geber.dir/pwm_geber.c.o
 .debug_abbrev  0x000003c5      0x4ef CMakeFiles/pwm_geber.dir/home/momefilo/pico/pico-sdk/src/rp2_common/hardware_gpio/gpio.c.o
 .debug_abbrev  0x000008b4      0x12b CMakeFiles/pwm_geber.dir/home/momefilo/pico/pico-sdk/src/rp2_common/pico_platform_panic/panic.c.o
 .debug_abbrev  0x000009df      0x33b CMakeFiles/pwm_geber.dir/home/momefilo/pico/pico-sdk/src/common/hardware_claim/claim.c.o
 .debug_abbrev  0x00000d1a      0x20d CMakeFiles/pwm_geber.dir/home/momefilo/pico/pico-sdk/src/rp2_common/hardware_sync/sync.c.o
 .debug_abbrev  0x00000f27      0x1bb CMakeFiles/pwm_geber.dir/home/momefilo/pico/pico-sdk/src/rp2_common/hardware_sync_spin_lock/sync_spin_lock.c.o
 .debug_abbrev  0x000010e2      0x5ff CMakeFiles/pwm_geber.dir/home/momefilo/pico/pico-sdk/src/rp2_common/hardware_irq/irq.c.o
 .debug_abbrev  0x000016e1       0xee CMakeFiles/pwm_geber.dir/home/momefilo/pico/pico-sdk/src/common/pico_sync/lock_core.c.o
 .debug_abbrev  0x000017cf      0x48c CMakeFiles/pwm_geber.dir/home/momefilo/pico/pico-sdk/src/common/pico_sync/mutex.c.o
 .debug_abbrev  0x00001c5b      0x689 CMakeFiles/pwm_geber.dir/home/momefilo/pico/pico-sdk/src/common/pico_time/time.c.o
 .debug_abbrev  0x000022e4      0x4f2 CMakeFiles/pwm_geber.dir/home/momefilo/pico/pico-sdk/src/rp2_common/hardware_timer/timer.c.o
 .debug_abbrev  0x000027d6      0x489 CMakeFiles/pwm_geber.dir/home/momefilo/pico/pico-sdk/src/rp2_common/hardware_i2c/i2c.c.o
 .debug_abbrev  0x00002c5f      0x4e2 CMakeFiles/pwm_geber.dir/home/momefilo/pico/pico-sdk/src/rp2_common/hardware_clocks/clocks.c.o
 .debug_abbrev  0x00003141      0x1d2 CMakeFiles/pwm_geber.dir/home/momefilo/pico/pico-sdk/src/rp2_common/hardware_pll/pll.c.o
 .debug_abbrev  0x00003313      0x145 CMakeFiles/pwm_geber.dir/home/momefilo/pico/pico-sdk/src/rp2_common/hardware_ticks/ticks.c.o
 .debug_abbrev  0x00003458      0x1d7 CMakeFiles/pwm_geber.dir/home/momefilo/pico/pico-sdk/src/rp2_common/pico_bootrom/bootrom.c.o
 .debug_abbrev  0x0000362f      0x11b CMakeFiles/pwm_geber.dir/home/momefilo/pico/pico-sdk/src/rp2_common/hardware_xosc/xosc.c.o
 .debug_abbrev  0x0000374a      0x182 CMakeFiles/pwm_geber.dir/home/momefilo/pico/pico-sdk/src/rp2_common/pico_runtime/runtime.c.o
 .debug_abbrev  0x000038cc      0x222 CMakeFiles/pwm_geber.dir/home/momefilo/pico/pico-sdk/src/rp2_common/pico_runtime_init/runtime_init.c.o
 .debug_abbrev  0x00003aee      0x294 CMakeFiles/pwm_geber.dir/home/momefilo/pico/pico-sdk/src/rp2_common/pico_runtime_init/runtime_init_clocks.c.o
 .debug_abbrev  0x00003d82       0x12 CMakeFiles/pwm_geber.dir/home/momefilo/pico/pico-sdk/src/rp2_common/pico_bit_ops/bit_ops_aeabi.S.o
 .debug_abbrev  0x00003d94       0x12 CMakeFiles/pwm_geber.dir/home/momefilo/pico/pico-sdk/src/rp2_common/pico_divider/divider_hardware.S.o
 .debug_abbrev  0x00003da6       0x12 CMakeFiles/pwm_geber.dir/home/momefilo/pico/pico-sdk/src/rp2_common/pico_double/double_aeabi_rp2040.S.o
 .debug_abbrev  0x00003db8      0x17a CMakeFiles/pwm_geber.dir/home/momefilo/pico/pico-sdk/src/rp2_common/pico_double/double_init_rom_rp2040.c.o
 .debug_abbrev  0x00003f32       0x12 CMakeFiles/pwm_geber.dir/home/momefilo/pico/pico-sdk/src/rp2_common/pico_double/double_v1_rom_shim_rp2040.S.o
 .debug_abbrev  0x00003f44       0x14 CMakeFiles/pwm_geber.dir/home/momefilo/pico/pico-sdk/src/rp2_common/pico_int64_ops/pico_int64_ops_aeabi.S.o
 .debug_abbrev  0x00003f58       0x12 CMakeFiles/pwm_geber.dir/home/momefilo/pico/pico-sdk/src/rp2_common/pico_float/float_aeabi_rp2040.S.o
 .debug_abbrev  0x00003f6a      0x173 CMakeFiles/pwm_geber.dir/home/momefilo/pico/pico-sdk/src/rp2_common/pico_float/float_init_rom_rp2040.c.o
 .debug_abbrev  0x000040dd       0x12 CMakeFiles/pwm_geber.dir/home/momefilo/pico/pico-sdk/src/rp2_common/pico_float/float_v1_rom_shim_rp2040.S.o
 .debug_abbrev  0x000040ef       0x12 CMakeFiles/pwm_geber.dir/home/momefilo/pico/pico-sdk/src/rp2_common/pico_mem_ops/mem_ops_aeabi.S.o
 .debug_abbrev  0x00004101       0xb8 CMakeFiles/pwm_geber.dir/home/momefilo/pico/pico-sdk/src/rp2_common/pico_standard_binary_info/standard_binary_info.c.o
 .debug_abbrev  0x000041b9      0x52a CMakeFiles/pwm_geber.dir/home/momefilo/pico/pico-sdk/src/rp2_common/pico_printf/printf.c.o
 .debug_abbrev  0x000046e3       0x12 CMakeFiles/pwm_geber.dir/home/momefilo/pico/pico-sdk/src/rp2_common/pico_crt0/crt0.S.o
 .debug_abbrev  0x000046f5      0x352 CMakeFiles/pwm_geber.dir/home/momefilo/pico/pico-sdk/src/rp2_common/pico_clib_interface/newlib_interface.c.o
 .debug_abbrev  0x00004a47      0x601 CMakeFiles/pwm_geber.dir/home/momefilo/pico/pico-sdk/src/rp2_common/pico_stdio/stdio.c.o
 .debug_abbrev  0x00005048      0x35c CMakeFiles/pwm_geber.dir/home/momefilo/pico/pico-sdk/src/rp2_common/hardware_flash/flash.c.o
 .debug_abbrev  0x000053a4      0x3dd [subproject/sh_1106]/libsh_1106.a(sh_1106.c.o)
 .debug_abbrev  0x00005781      0x1b3 [subproject/drehgeber]/libdrehgeber.a(drehgeber.c.o)
 .debug_abbrev  0x00005934      0x2a4 [subproject/momefilo_flash]/libmomefilo_flash.a(momefilo_flash.c.o)
 .debug_abbrev  0x00005bd8       0x1f /usr/lib/gcc/arm-none-eabi/12.2.1/thumb/v6-m/nofp/libgcc.a(_dvmd_tls.o)
 .debug_abbrev  0x00005bf7       0x90 /usr/lib/gcc/arm-none-eabi/12.2.1/../../../arm-none-eabi/lib/thumb/v6-m/nofp/libg.a(lib_a-strlen-stub.o)

.debug_loclists
                0x00000000    0x1133c
 .debug_loclists
                0x00000000      0xc04 CMakeFiles/pwm_geber.dir/pwm_geber.c.o
 .debug_loclists
                0x00000c04     0x1984 CMakeFiles/pwm_geber.dir/home/momefilo/pico/pico-sdk/src/rp2_common/hardware_gpio/gpio.c.o
 .debug_loclists
                0x00002588      0x30a CMakeFiles/pwm_geber.dir/home/momefilo/pico/pico-sdk/src/common/hardware_claim/claim.c.o
 .debug_loclists
                0x00002892       0xd2 CMakeFiles/pwm_geber.dir/home/momefilo/pico/pico-sdk/src/rp2_common/hardware_sync/sync.c.o
 .debug_loclists
                0x00002964       0x77 CMakeFiles/pwm_geber.dir/home/momefilo/pico/pico-sdk/src/rp2_common/hardware_sync_spin_lock/sync_spin_lock.c.o
 .debug_loclists
                0x000029db     0x1057 CMakeFiles/pwm_geber.dir/home/momefilo/pico/pico-sdk/src/rp2_common/hardware_irq/irq.c.o
 .debug_loclists
                0x00003a32       0x3b CMakeFiles/pwm_geber.dir/home/momefilo/pico/pico-sdk/src/common/pico_sync/lock_core.c.o
 .debug_loclists
                0x00003a6d      0xa9d CMakeFiles/pwm_geber.dir/home/momefilo/pico/pico-sdk/src/common/pico_sync/mutex.c.o
 .debug_loclists
                0x0000450a     0x236d CMakeFiles/pwm_geber.dir/home/momefilo/pico/pico-sdk/src/common/pico_time/time.c.o
 .debug_loclists
                0x00006877     0x18c0 CMakeFiles/pwm_geber.dir/home/momefilo/pico/pico-sdk/src/rp2_common/hardware_timer/timer.c.o
 .debug_loclists
                0x00008137     0x12ab CMakeFiles/pwm_geber.dir/home/momefilo/pico/pico-sdk/src/rp2_common/hardware_i2c/i2c.c.o
 .debug_loclists
                0x000093e2     0x2351 CMakeFiles/pwm_geber.dir/home/momefilo/pico/pico-sdk/src/rp2_common/hardware_clocks/clocks.c.o
 .debug_loclists
                0x0000b733      0x1a8 CMakeFiles/pwm_geber.dir/home/momefilo/pico/pico-sdk/src/rp2_common/hardware_pll/pll.c.o
 .debug_loclists
                0x0000b8db       0x41 CMakeFiles/pwm_geber.dir/home/momefilo/pico/pico-sdk/src/rp2_common/hardware_ticks/ticks.c.o
 .debug_loclists
                0x0000b91c      0x366 CMakeFiles/pwm_geber.dir/home/momefilo/pico/pico-sdk/src/rp2_common/pico_bootrom/bootrom.c.o
 .debug_loclists
                0x0000bc82       0x48 CMakeFiles/pwm_geber.dir/home/momefilo/pico/pico-sdk/src/rp2_common/hardware_xosc/xosc.c.o
 .debug_loclists
                0x0000bcca       0x7e CMakeFiles/pwm_geber.dir/home/momefilo/pico/pico-sdk/src/rp2_common/pico_runtime/runtime.c.o
 .debug_loclists
                0x0000bd48       0xba CMakeFiles/pwm_geber.dir/home/momefilo/pico/pico-sdk/src/rp2_common/pico_runtime_init/runtime_init.c.o
 .debug_loclists
                0x0000be02       0x74 CMakeFiles/pwm_geber.dir/home/momefilo/pico/pico-sdk/src/rp2_common/pico_runtime_init/runtime_init_clocks.c.o
 .debug_loclists
                0x0000be76       0x3d CMakeFiles/pwm_geber.dir/home/momefilo/pico/pico-sdk/src/rp2_common/pico_double/double_init_rom_rp2040.c.o
 .debug_loclists
                0x0000beb3       0x59 CMakeFiles/pwm_geber.dir/home/momefilo/pico/pico-sdk/src/rp2_common/pico_float/float_init_rom_rp2040.c.o
 .debug_loclists
                0x0000bf0c     0x2a97 CMakeFiles/pwm_geber.dir/home/momefilo/pico/pico-sdk/src/rp2_common/pico_printf/printf.c.o
 .debug_loclists
                0x0000e9a3      0x3a1 CMakeFiles/pwm_geber.dir/home/momefilo/pico/pico-sdk/src/rp2_common/pico_clib_interface/newlib_interface.c.o
 .debug_loclists
                0x0000ed44      0xe86 CMakeFiles/pwm_geber.dir/home/momefilo/pico/pico-sdk/src/rp2_common/pico_stdio/stdio.c.o
 .debug_loclists
                0x0000fbca      0x89b CMakeFiles/pwm_geber.dir/home/momefilo/pico/pico-sdk/src/rp2_common/hardware_flash/flash.c.o
 .debug_loclists
                0x00010465      0x837 [subproject/sh_1106]/libsh_1106.a(sh_1106.c.o)
 .debug_loclists
                0x00010c9c       0x60 [subproject/drehgeber]/libdrehgeber.a(drehgeber.c.o)
 .debug_loclists
                0x00010cfc      0x5ef [subproject/momefilo_flash]/libmomefilo_flash.a(momefilo_flash.c.o)
 .debug_loclists
                0x000112eb       0x51 /usr/lib/gcc/arm-none-eabi/12.2.1/../../../arm-none-eabi/lib/thumb/v6-m/nofp/libg.a(lib_a-strlen-stub.o)

.debug_aranges  0x00000000     0x1070
 .debug_aranges
                0x00000000       0x50 CMakeFiles/pwm_geber.dir/pwm_geber.c.o
 .debug_aranges
                0x00000050      0x120 CMakeFiles/pwm_geber.dir/home/momefilo/pico/pico-sdk/src/rp2_common/hardware_gpio/gpio.c.o
 .debug_aranges
                0x00000170       0x28 CMakeFiles/pwm_geber.dir/home/momefilo/pico/pico-sdk/src/rp2_common/pico_platform_panic/panic.c.o
 .debug_aranges
                0x00000198       0x48 CMakeFiles/pwm_geber.dir/home/momefilo/pico/pico-sdk/src/common/hardware_claim/claim.c.o
 .debug_aranges
                0x000001e0       0x48 CMakeFiles/pwm_geber.dir/home/momefilo/pico/pico-sdk/src/rp2_common/hardware_sync/sync.c.o
 .debug_aranges
                0x00000228       0x28 CMakeFiles/pwm_geber.dir/home/momefilo/pico/pico-sdk/src/rp2_common/hardware_sync_spin_lock/sync_spin_lock.c.o
 .debug_aranges
                0x00000250       0xb0 CMakeFiles/pwm_geber.dir/home/momefilo/pico/pico-sdk/src/rp2_common/hardware_irq/irq.c.o
 .debug_aranges
                0x00000300       0x20 CMakeFiles/pwm_geber.dir/home/momefilo/pico/pico-sdk/src/common/pico_sync/lock_core.c.o
 .debug_aranges
                0x00000320       0x98 CMakeFiles/pwm_geber.dir/home/momefilo/pico/pico-sdk/src/common/pico_sync/mutex.c.o
 .debug_aranges
                0x000003b8       0xe0 CMakeFiles/pwm_geber.dir/home/momefilo/pico/pico-sdk/src/common/pico_time/time.c.o
 .debug_aranges
                0x00000498       0xf0 CMakeFiles/pwm_geber.dir/home/momefilo/pico/pico-sdk/src/rp2_common/hardware_timer/timer.c.o
 .debug_aranges
                0x00000588       0x98 CMakeFiles/pwm_geber.dir/home/momefilo/pico/pico-sdk/src/rp2_common/hardware_i2c/i2c.c.o
 .debug_aranges
                0x00000620       0x90 CMakeFiles/pwm_geber.dir/home/momefilo/pico/pico-sdk/src/rp2_common/hardware_clocks/clocks.c.o
 .debug_aranges
                0x000006b0       0x28 CMakeFiles/pwm_geber.dir/home/momefilo/pico/pico-sdk/src/rp2_common/hardware_pll/pll.c.o
 .debug_aranges
                0x000006d8       0x30 CMakeFiles/pwm_geber.dir/home/momefilo/pico/pico-sdk/src/rp2_common/hardware_ticks/ticks.c.o
 .debug_aranges
                0x00000708       0x40 CMakeFiles/pwm_geber.dir/home/momefilo/pico/pico-sdk/src/rp2_common/pico_bootrom/bootrom.c.o
 .debug_aranges
                0x00000748       0x30 CMakeFiles/pwm_geber.dir/home/momefilo/pico/pico-sdk/src/rp2_common/hardware_xosc/xosc.c.o
 .debug_aranges
                0x00000778       0x38 CMakeFiles/pwm_geber.dir/home/momefilo/pico/pico-sdk/src/rp2_common/pico_runtime/runtime.c.o
 .debug_aranges
                0x000007b0       0x48 CMakeFiles/pwm_geber.dir/home/momefilo/pico/pico-sdk/src/rp2_common/pico_runtime_init/runtime_init.c.o
 .debug_aranges
                0x000007f8       0x20 CMakeFiles/pwm_geber.dir/home/momefilo/pico/pico-sdk/src/rp2_common/pico_runtime_init/runtime_init_clocks.c.o
 .debug_aranges
                0x00000818       0x60 CMakeFiles/pwm_geber.dir/home/momefilo/pico/pico-sdk/src/rp2_common/pico_bit_ops/bit_ops_aeabi.S.o
 .debug_aranges
                0x00000878       0x40 CMakeFiles/pwm_geber.dir/home/momefilo/pico/pico-sdk/src/rp2_common/pico_divider/divider_hardware.S.o
 .debug_aranges
                0x000008b8      0x140 CMakeFiles/pwm_geber.dir/home/momefilo/pico/pico-sdk/src/rp2_common/pico_double/double_aeabi_rp2040.S.o
 .debug_aranges
                0x000009f8       0x20 CMakeFiles/pwm_geber.dir/home/momefilo/pico/pico-sdk/src/rp2_common/pico_double/double_init_rom_rp2040.c.o
 .debug_aranges
                0x00000a18       0xc8 CMakeFiles/pwm_geber.dir/home/momefilo/pico/pico-sdk/src/rp2_common/pico_double/double_v1_rom_shim_rp2040.S.o
 .debug_aranges
                0x00000ae0       0x20 CMakeFiles/pwm_geber.dir/home/momefilo/pico/pico-sdk/src/rp2_common/pico_int64_ops/pico_int64_ops_aeabi.S.o
 .debug_aranges
                0x00000b00      0x130 CMakeFiles/pwm_geber.dir/home/momefilo/pico/pico-sdk/src/rp2_common/pico_float/float_aeabi_rp2040.S.o
 .debug_aranges
                0x00000c30       0x20 CMakeFiles/pwm_geber.dir/home/momefilo/pico/pico-sdk/src/rp2_common/pico_float/float_init_rom_rp2040.c.o
 .debug_aranges
                0x00000c50       0x50 CMakeFiles/pwm_geber.dir/home/momefilo/pico/pico-sdk/src/rp2_common/pico_float/float_v1_rom_shim_rp2040.S.o
 .debug_aranges
                0x00000ca0       0x38 CMakeFiles/pwm_geber.dir/home/momefilo/pico/pico-sdk/src/rp2_common/pico_mem_ops/mem_ops_aeabi.S.o
 .debug_aranges
                0x00000cd8       0x18 CMakeFiles/pwm_geber.dir/home/momefilo/pico/pico-sdk/src/rp2_common/pico_standard_binary_info/standard_binary_info.c.o
 .debug_aranges
                0x00000cf0       0x90 CMakeFiles/pwm_geber.dir/home/momefilo/pico/pico-sdk/src/rp2_common/pico_printf/printf.c.o
 .debug_aranges
                0x00000d80       0x28 CMakeFiles/pwm_geber.dir/home/momefilo/pico/pico-sdk/src/rp2_common/pico_crt0/crt0.S.o
 .debug_aranges
                0x00000da8       0xa0 CMakeFiles/pwm_geber.dir/home/momefilo/pico/pico-sdk/src/rp2_common/pico_clib_interface/newlib_interface.c.o
 .debug_aranges
                0x00000e48       0xc8 CMakeFiles/pwm_geber.dir/home/momefilo/pico/pico-sdk/src/rp2_common/pico_stdio/stdio.c.o
 .debug_aranges
                0x00000f10       0x60 CMakeFiles/pwm_geber.dir/home/momefilo/pico/pico-sdk/src/rp2_common/hardware_flash/flash.c.o
 .debug_aranges
                0x00000f70       0x50 [subproject/sh_1106]/libsh_1106.a(sh_1106.c.o)
 .debug_aranges
                0x00000fc0       0x28 [subproject/drehgeber]/libdrehgeber.a(drehgeber.c.o)
 .debug_aranges
                0x00000fe8       0x48 [subproject/momefilo_flash]/libmomefilo_flash.a(momefilo_flash.c.o)
 .debug_aranges
                0x00001030       0x20 /usr/lib/gcc/arm-none-eabi/12.2.1/thumb/v6-m/nofp/libgcc.a(_dvmd_tls.o)
 .debug_aranges
                0x00001050       0x20 /usr/lib/gcc/arm-none-eabi/12.2.1/../../../arm-none-eabi/lib/thumb/v6-m/nofp/libg.a(lib_a-strlen-stub.o)

.debug_rnglists
                0x00000000     0x34b8
 .debug_rnglists
                0x00000000      0x324 CMakeFiles/pwm_geber.dir/pwm_geber.c.o
 .debug_rnglists
                0x00000324      0x5b6 CMakeFiles/pwm_geber.dir/home/momefilo/pico/pico-sdk/src/rp2_common/hardware_gpio/gpio.c.o
 .debug_rnglists
                0x000008da       0x19 CMakeFiles/pwm_geber.dir/home/momefilo/pico/pico-sdk/src/rp2_common/pico_platform_panic/panic.c.o
 .debug_rnglists
                0x000008f3       0xc5 CMakeFiles/pwm_geber.dir/home/momefilo/pico/pico-sdk/src/common/hardware_claim/claim.c.o
 .debug_rnglists
                0x000009b8       0x67 CMakeFiles/pwm_geber.dir/home/momefilo/pico/pico-sdk/src/rp2_common/hardware_sync/sync.c.o
 .debug_rnglists
                0x00000a1f       0x3d CMakeFiles/pwm_geber.dir/home/momefilo/pico/pico-sdk/src/rp2_common/hardware_sync_spin_lock/sync_spin_lock.c.o
 .debug_rnglists